2025-06-17 16:52:28 DEBUG [logger.py:41] Logger 初始化完成
2025-06-17 16:52:39 DEBUG [logger.py:41] Logger 初始化完成
2025-06-17 16:52:48 DEBUG [logger.py:41] Logger 初始化完成
2025-06-17 16:52:48 DEBUG [logger.py:41] Logger 初始化完成
2025-06-17 16:52:48 DEBUG [logger.py:41] Logger 初始化完成
2025-06-17 16:52:54 DEBUG [logger.py:41] Logger 初始化完成
2025-06-17 16:52:54 DEBUG [logger.py:41] Logger 初始化完成
2025-06-17 16:52:54 DEBUG [logger.py:41] Logger 初始化完成
2025-06-17 16:52:54 DEBUG [logger.py:41] Logger 初始化完成
2025-06-17 16:53:00 DEBUG [logger.py:41] Logger 初始化完成
2025-06-17 16:53:00 DEBUG [logger.py:41] Logger 初始化完成
2025-06-17 16:53:00 DEBUG [logger.py:41] Logger 初始化完成
2025-06-17 16:53:00 DEBUG [logger.py:41] Logger 初始化完成
2025-06-17 16:53:00 DEBUG [logger.py:41] Logger 初始化完成
2025-06-17 16:53:05 DEBUG [logger.py:41] Logger 初始化完成
2025-06-17 16:53:05 DEBUG [logger.py:41] Logger 初始化完成
2025-06-17 16:53:05 DEBUG [logger.py:41] Logger 初始化完成
2025-06-17 16:53:05 DEBUG [logger.py:41] Logger 初始化完成
2025-06-17 16:53:05 DEBUG [logger.py:41] Logger 初始化完成
2025-06-17 16:53:05 DEBUG [logger.py:41] Logger 初始化完成
2025-06-17 16:53:13 DEBUG [logger.py:41] Logger 初始化完成
2025-06-17 16:53:13 DEBUG [logger.py:41] Logger 初始化完成
2025-06-17 16:53:13 DEBUG [logger.py:41] Logger 初始化完成
2025-06-17 16:53:13 DEBUG [logger.py:41] Logger 初始化完成
2025-06-17 16:53:13 DEBUG [logger.py:41] Logger 初始化完成
2025-06-17 16:53:13 DEBUG [logger.py:41] Logger 初始化完成
2025-06-17 16:53:13 DEBUG [logger.py:41] Logger 初始化完成
2025-06-17 16:54:51 DEBUG [logger.py:41] Logger 初始化完成
2025-06-17 16:54:51 DEBUG [logger.py:41] Logger 初始化完成
2025-06-17 16:54:51 DEBUG [logger.py:41] Logger 初始化完成
2025-06-17 16:54:51 DEBUG [logger.py:41] Logger 初始化完成
2025-06-17 16:54:51 DEBUG [logger.py:41] Logger 初始化完成
2025-06-17 16:54:51 DEBUG [logger.py:41] Logger 初始化完成
2025-06-17 16:54:51 DEBUG [logger.py:41] Logger 初始化完成
2025-06-17 16:54:51 DEBUG [logger.py:41] Logger 初始化完成
2025-06-17 16:54:57 DEBUG [logger.py:41] Logger 初始化完成
2025-06-17 16:54:57 DEBUG [logger.py:41] Logger 初始化完成
2025-06-17 16:54:57 DEBUG [logger.py:41] Logger 初始化完成
2025-06-17 16:54:57 DEBUG [logger.py:41] Logger 初始化完成
2025-06-17 16:54:57 DEBUG [logger.py:41] Logger 初始化完成
2025-06-17 16:54:57 DEBUG [logger.py:41] Logger 初始化完成
2025-06-17 16:54:57 DEBUG [logger.py:41] Logger 初始化完成
2025-06-17 16:54:57 DEBUG [logger.py:41] Logger 初始化完成
2025-06-17 16:54:57 DEBUG [logger.py:41] Logger 初始化完成
2025-06-17 16:55:03 DEBUG [logger.py:41] Logger 初始化完成
2025-06-17 16:55:03 DEBUG [logger.py:41] Logger 初始化完成
2025-06-17 16:55:03 DEBUG [logger.py:41] Logger 初始化完成
2025-06-17 16:55:03 DEBUG [logger.py:41] Logger 初始化完成
2025-06-17 16:55:03 DEBUG [logger.py:41] Logger 初始化完成
2025-06-17 16:55:03 DEBUG [logger.py:41] Logger 初始化完成
2025-06-17 16:55:03 DEBUG [logger.py:41] Logger 初始化完成
2025-06-17 16:55:03 DEBUG [logger.py:41] Logger 初始化完成
2025-06-17 16:55:03 DEBUG [logger.py:41] Logger 初始化完成
2025-06-17 16:55:03 DEBUG [logger.py:41] Logger 初始化完成
2025-06-17 16:55:08 DEBUG [logger.py:41] Logger 初始化完成
2025-06-17 16:55:08 DEBUG [logger.py:41] Logger 初始化完成
2025-06-17 16:55:08 DEBUG [logger.py:41] Logger 初始化完成
2025-06-17 16:55:08 DEBUG [logger.py:41] Logger 初始化完成
2025-06-17 16:55:08 DEBUG [logger.py:41] Logger 初始化完成
2025-06-17 16:55:08 DEBUG [logger.py:41] Logger 初始化完成
2025-06-17 16:55:08 DEBUG [logger.py:41] Logger 初始化完成
2025-06-17 16:55:08 DEBUG [logger.py:41] Logger 初始化完成
2025-06-17 16:55:08 DEBUG [logger.py:41] Logger 初始化完成
2025-06-17 16:55:08 DEBUG [logger.py:41] Logger 初始化完成
2025-06-17 16:55:08 DEBUG [logger.py:41] Logger 初始化完成
2025-06-17 16:55:08 DEBUG [logger.py:41] Logger 初始化完成
2025-06-17 16:55:08 DEBUG [config.py:82] 最终配置合并结果: {'graph_backend': 'neo4j', 'neo4j': {'uri': 'bolt://localhost:7687', 'user': 'neo4j'}, 'metadata_path': 'data/unified_metadata.json', 'constraints_path': 'data/constraints_linked.json', 'domain': 'AUTOSAR', 'version': 'UNSPECIFIED', 'output_dir': 'output', 'export': {'shacl': 'output\\shapes.ttl', 'smt': 'output\\constraints.smt2', 'gbnf': 'output\\autosar.gbnf'}}
2025-06-17 16:55:08 INFO [loader.py:37] 加载元模型文件: data/unified_metadata.json
2025-06-17 16:55:08 INFO [normalizer.py:111] 元数据规范化完成 (domain=AUTOSAR, version=UNSPECIFIED)
2025-06-17 16:55:08 INFO [loader.py:84] 加载约束文件: data/constraints_linked.json
2025-06-17 16:59:12 DEBUG [logger.py:41] Logger 初始化完成
2025-06-17 16:59:12 DEBUG [logger.py:41] Logger 初始化完成
2025-06-17 16:59:12 DEBUG [logger.py:41] Logger 初始化完成
2025-06-17 16:59:12 DEBUG [logger.py:41] Logger 初始化完成
2025-06-17 16:59:12 DEBUG [logger.py:41] Logger 初始化完成
2025-06-17 16:59:12 DEBUG [logger.py:41] Logger 初始化完成
2025-06-17 16:59:12 DEBUG [logger.py:41] Logger 初始化完成
2025-06-17 16:59:12 DEBUG [logger.py:41] Logger 初始化完成
2025-06-17 16:59:12 DEBUG [logger.py:41] Logger 初始化完成
2025-06-17 16:59:12 DEBUG [logger.py:41] Logger 初始化完成
2025-06-17 16:59:12 DEBUG [logger.py:41] Logger 初始化完成
2025-06-17 16:59:12 DEBUG [logger.py:41] Logger 初始化完成
2025-06-17 16:59:12 DEBUG [config.py:82] 最终配置合并结果: {'graph_backend': 'neo4j', 'neo4j': {'uri': 'bolt://localhost:7687', 'user': 'neo4j'}, 'metadata_path': 'data/unified_metadata.json', 'constraints_path': 'data/constraints_linked.json', 'domain': 'AUTOSAR', 'version': 'UNSPECIFIED', 'output_dir': 'output', 'export': {'shacl': 'output\\shapes.ttl', 'smt': 'output\\constraints.smt2', 'gbnf': 'output\\autosar.gbnf'}}
2025-06-17 16:59:12 INFO [loader.py:37] 加载元模型文件: data/unified_metadata.json
2025-06-17 16:59:12 INFO [normalizer.py:111] 元数据规范化完成 (domain=AUTOSAR, version=UNSPECIFIED)
2025-06-17 16:59:12 INFO [loader.py:84] 加载约束文件: data/constraints_linked.json
2025-06-17 16:59:12 INFO [ontology_builder.py:36] 开始构建本体层图
2025-06-17 16:59:12 INFO [ontology_builder.py:41] 本体层节点 9251，边 7758
2025-06-17 16:59:12 INFO [constraint_parser.py:46] 开始解析约束 (1161 条)
2025-06-17 16:59:12 INFO [constraint_parser.py:51] 约束节点构建完成
2025-06-17 17:03:58 DEBUG [logger.py:41] Logger 初始化完成
2025-06-17 17:03:58 DEBUG [logger.py:41] Logger 初始化完成
2025-06-17 17:03:58 DEBUG [logger.py:41] Logger 初始化完成
2025-06-17 17:03:58 DEBUG [logger.py:41] Logger 初始化完成
2025-06-17 17:03:58 DEBUG [logger.py:41] Logger 初始化完成
2025-06-17 17:03:58 DEBUG [logger.py:41] Logger 初始化完成
2025-06-17 17:03:58 DEBUG [logger.py:41] Logger 初始化完成
2025-06-17 17:03:58 DEBUG [logger.py:41] Logger 初始化完成
2025-06-17 17:03:58 DEBUG [logger.py:41] Logger 初始化完成
2025-06-17 17:03:58 DEBUG [logger.py:41] Logger 初始化完成
2025-06-17 17:03:58 DEBUG [logger.py:41] Logger 初始化完成
2025-06-17 17:03:58 DEBUG [logger.py:41] Logger 初始化完成
2025-06-17 17:03:58 DEBUG [config.py:82] 最终配置合并结果: {'graph_backend': 'neo4j', 'neo4j': {'uri': 'bolt://localhost:7687', 'user': 'neo4j'}, 'metadata_path': 'data/unified_metadata.json', 'constraints_path': 'data/constraints_linked.json', 'domain': 'AUTOSAR', 'version': 'UNSPECIFIED', 'output_dir': 'output', 'export': {'shacl': 'output\\shapes.ttl', 'smt': 'output\\constraints.smt2', 'gbnf': 'output\\autosar.gbnf'}}
2025-06-17 17:03:58 INFO [loader.py:37] 加载元模型文件: data/unified_metadata.json
2025-06-17 17:03:58 INFO [normalizer.py:111] 元数据规范化完成 (domain=AUTOSAR, version=UNSPECIFIED)
2025-06-17 17:03:58 INFO [loader.py:84] 加载约束文件: data/constraints_linked.json
2025-06-17 17:03:58 INFO [ontology_builder.py:36] 开始构建本体层图
2025-06-17 17:03:58 INFO [ontology_builder.py:41] 本体层节点 9251，边 7758
2025-06-17 17:03:58 INFO [constraint_parser.py:46] 开始解析约束 (1161 条)
2025-06-17 17:03:58 INFO [constraint_parser.py:51] 约束节点构建完成
2025-06-17 17:03:58 INFO [edge_builder.py:64] EdgeAssembler 生成边 1161 条
2025-06-17 17:05:33 DEBUG [logger.py:41] Logger 初始化完成
2025-06-17 17:05:33 DEBUG [logger.py:41] Logger 初始化完成
2025-06-17 17:05:33 DEBUG [logger.py:41] Logger 初始化完成
2025-06-17 17:05:33 DEBUG [logger.py:41] Logger 初始化完成
2025-06-17 17:05:33 DEBUG [logger.py:41] Logger 初始化完成
2025-06-17 17:05:33 DEBUG [logger.py:41] Logger 初始化完成
2025-06-17 17:05:33 DEBUG [logger.py:41] Logger 初始化完成
2025-06-17 17:05:34 DEBUG [logger.py:41] Logger 初始化完成
2025-06-17 17:05:34 DEBUG [logger.py:41] Logger 初始化完成
2025-06-17 17:05:34 DEBUG [logger.py:41] Logger 初始化完成
2025-06-17 17:05:34 DEBUG [logger.py:41] Logger 初始化完成
2025-06-17 17:05:34 DEBUG [logger.py:41] Logger 初始化完成
2025-06-17 17:05:34 DEBUG [config.py:82] 最终配置合并结果: {'graph_backend': 'neo4j', 'neo4j': {'uri': 'bolt://localhost:7687', 'user': 'neo4j'}, 'metadata_path': 'data/unified_metadata.json', 'constraints_path': 'data/constraints_linked.json', 'domain': 'AUTOSAR', 'version': 'UNSPECIFIED', 'output_dir': 'output', 'export': {'shacl': 'output\\shapes.ttl', 'smt': 'output\\constraints.smt2', 'gbnf': 'output\\autosar.gbnf'}}
2025-06-17 17:05:34 INFO [loader.py:37] 加载元模型文件: data/unified_metadata.json
2025-06-17 17:05:34 INFO [normalizer.py:111] 元数据规范化完成 (domain=AUTOSAR, version=UNSPECIFIED)
2025-06-17 17:05:34 INFO [loader.py:84] 加载约束文件: data/constraints_linked.json
2025-06-17 17:05:34 INFO [ontology_builder.py:36] 开始构建本体层图
2025-06-17 17:05:34 INFO [ontology_builder.py:41] 本体层节点 9251，边 7758
2025-06-17 17:05:34 INFO [constraint_parser.py:46] 开始解析约束 (1161 条)
2025-06-17 17:05:34 INFO [constraint_parser.py:51] 约束节点构建完成
2025-06-17 17:05:34 INFO [edge_builder.py:64] EdgeAssembler 生成边 1161 条
2025-06-17 17:27:18 DEBUG [logger.py:41] Logger 初始化完成
2025-06-17 17:27:18 DEBUG [logger.py:41] Logger 初始化完成
2025-06-17 17:27:18 DEBUG [logger.py:41] Logger 初始化完成
2025-06-17 17:27:18 DEBUG [logger.py:41] Logger 初始化完成
2025-06-17 17:27:18 DEBUG [logger.py:41] Logger 初始化完成
2025-06-17 17:27:18 DEBUG [logger.py:41] Logger 初始化完成
2025-06-17 17:27:18 DEBUG [logger.py:41] Logger 初始化完成
2025-06-17 17:27:18 DEBUG [logger.py:41] Logger 初始化完成
2025-06-17 17:27:18 DEBUG [logger.py:41] Logger 初始化完成
2025-06-17 17:27:18 DEBUG [logger.py:41] Logger 初始化完成
2025-06-17 17:27:18 DEBUG [logger.py:41] Logger 初始化完成
2025-06-17 17:27:18 DEBUG [logger.py:41] Logger 初始化完成
2025-06-17 17:27:18 DEBUG [config.py:82] 最终配置合并结果: {'graph_backend': 'neo4j', 'neo4j': {'uri': 'neo4j://127.0.0.1:7687', 'user': 'neo4j', 'password': 'autosar4.2.2'}, 'metadata_path': 'data/unified_metadata.json', 'constraints_path': 'data/constraints_linked.json', 'domain': 'AUTOSAR', 'version': 'UNSPECIFIED', 'output_dir': 'output', 'export': {'shacl': 'output\\shapes.ttl', 'smt': 'output\\constraints.smt2', 'gbnf': 'output\\autosar.gbnf'}}
2025-06-17 17:27:18 INFO [loader.py:37] 加载元模型文件: data/unified_metadata.json
2025-06-17 17:27:18 INFO [normalizer.py:111] 元数据规范化完成 (domain=AUTOSAR, version=UNSPECIFIED)
2025-06-17 17:27:18 INFO [loader.py:84] 加载约束文件: data/constraints_linked.json
2025-06-17 17:27:18 INFO [ontology_builder.py:36] 开始构建本体层图
2025-06-17 17:27:18 INFO [ontology_builder.py:41] 本体层节点 9251，边 7758
2025-06-17 17:27:18 INFO [constraint_parser.py:46] 开始解析约束 (1161 条)
2025-06-17 17:27:18 INFO [constraint_parser.py:51] 约束节点构建完成
2025-06-17 17:27:18 INFO [edge_builder.py:64] EdgeAssembler 生成边 1161 条
2025-06-17 17:28:47 DEBUG [logger.py:41] Logger 初始化完成
2025-06-17 17:28:47 DEBUG [logger.py:41] Logger 初始化完成
2025-06-17 17:28:47 DEBUG [logger.py:41] Logger 初始化完成
2025-06-17 17:28:47 DEBUG [logger.py:41] Logger 初始化完成
2025-06-17 17:28:47 DEBUG [logger.py:41] Logger 初始化完成
2025-06-17 17:28:47 DEBUG [logger.py:41] Logger 初始化完成
2025-06-17 17:28:47 DEBUG [logger.py:41] Logger 初始化完成
2025-06-17 17:28:47 DEBUG [logger.py:41] Logger 初始化完成
2025-06-17 17:28:47 DEBUG [logger.py:41] Logger 初始化完成
2025-06-17 17:28:47 DEBUG [logger.py:41] Logger 初始化完成
2025-06-17 17:28:47 DEBUG [logger.py:41] Logger 初始化完成
2025-06-17 17:28:47 DEBUG [logger.py:41] Logger 初始化完成
2025-06-17 17:28:47 DEBUG [config.py:82] 最终配置合并结果: {'graph_backend': 'neo4j', 'neo4j': {'uri': 'neo4j://127.0.0.1:7687', 'user': 'neo4j', 'password': 'autosar4.2.2'}, 'metadata_path': 'data/unified_metadata.json', 'constraints_path': 'data/constraints_linked.json', 'domain': 'AUTOSAR', 'version': 'UNSPECIFIED', 'output_dir': 'output', 'export': {'shacl': 'output\\shapes.ttl', 'smt': 'output\\constraints.smt2', 'gbnf': 'output\\autosar.gbnf'}}
2025-06-17 17:28:47 INFO [loader.py:37] 加载元模型文件: data/unified_metadata.json
2025-06-17 17:28:47 INFO [normalizer.py:111] 元数据规范化完成 (domain=AUTOSAR, version=UNSPECIFIED)
2025-06-17 17:28:47 INFO [loader.py:84] 加载约束文件: data/constraints_linked.json
2025-06-17 17:28:47 INFO [ontology_builder.py:36] 开始构建本体层图
2025-06-17 17:28:47 INFO [ontology_builder.py:41] 本体层节点 9251，边 7758
2025-06-17 17:28:47 INFO [constraint_parser.py:46] 开始解析约束 (1161 条)
2025-06-17 17:28:47 INFO [constraint_parser.py:51] 约束节点构建完成
2025-06-17 17:28:47 INFO [edge_builder.py:64] EdgeAssembler 生成边 1161 条
2025-06-17 17:29:44 DEBUG [logger.py:41] Logger 初始化完成
2025-06-17 17:29:44 DEBUG [logger.py:41] Logger 初始化完成
2025-06-17 17:29:44 DEBUG [logger.py:41] Logger 初始化完成
2025-06-17 17:29:44 DEBUG [logger.py:41] Logger 初始化完成
2025-06-17 17:29:44 DEBUG [logger.py:41] Logger 初始化完成
2025-06-17 17:29:44 DEBUG [logger.py:41] Logger 初始化完成
2025-06-17 17:29:44 DEBUG [logger.py:41] Logger 初始化完成
2025-06-17 17:29:44 DEBUG [logger.py:41] Logger 初始化完成
2025-06-17 17:29:44 DEBUG [logger.py:41] Logger 初始化完成
2025-06-17 17:29:44 DEBUG [logger.py:41] Logger 初始化完成
2025-06-17 17:29:44 DEBUG [logger.py:41] Logger 初始化完成
2025-06-17 17:29:44 DEBUG [logger.py:41] Logger 初始化完成
2025-06-17 17:29:44 DEBUG [config.py:82] 最终配置合并结果: {'graph_backend': 'neo4j', 'neo4j': {'uri': 'neo4j://127.0.0.1:7687', 'user': 'neo4j', 'password': 'autosar4.2.2'}, 'metadata_path': 'data/unified_metadata.json', 'constraints_path': 'data/constraints_linked.json', 'domain': 'AUTOSAR', 'version': 'UNSPECIFIED', 'output_dir': 'output', 'export': {'shacl': 'output\\shapes.ttl', 'smt': 'output\\constraints.smt2', 'gbnf': 'output\\autosar.gbnf'}}
2025-06-17 17:29:44 INFO [loader.py:37] 加载元模型文件: data/unified_metadata.json
2025-06-17 17:29:44 INFO [normalizer.py:111] 元数据规范化完成 (domain=AUTOSAR, version=UNSPECIFIED)
2025-06-17 17:29:44 INFO [loader.py:84] 加载约束文件: data/constraints_linked.json
2025-06-17 17:29:44 INFO [ontology_builder.py:36] 开始构建本体层图
2025-06-17 17:29:44 INFO [ontology_builder.py:41] 本体层节点 9251，边 7758
2025-06-17 17:29:44 INFO [constraint_parser.py:46] 开始解析约束 (1161 条)
2025-06-17 17:29:44 INFO [constraint_parser.py:51] 约束节点构建完成
2025-06-17 17:29:44 INFO [edge_builder.py:64] EdgeAssembler 生成边 1161 条
2025-06-17 17:43:26 DEBUG [logger.py:41] Logger 初始化完成
2025-06-17 17:43:26 DEBUG [logger.py:41] Logger 初始化完成
2025-06-17 17:43:26 DEBUG [logger.py:41] Logger 初始化完成
2025-06-17 17:43:26 DEBUG [logger.py:41] Logger 初始化完成
2025-06-17 17:43:26 DEBUG [logger.py:41] Logger 初始化完成
2025-06-17 17:43:26 DEBUG [logger.py:41] Logger 初始化完成
2025-06-17 17:43:26 DEBUG [logger.py:41] Logger 初始化完成
2025-06-17 17:43:27 DEBUG [logger.py:41] Logger 初始化完成
2025-06-17 17:43:27 DEBUG [logger.py:41] Logger 初始化完成
2025-06-17 17:43:27 DEBUG [logger.py:41] Logger 初始化完成
2025-06-17 17:43:27 DEBUG [logger.py:41] Logger 初始化完成
2025-06-17 17:43:27 DEBUG [logger.py:41] Logger 初始化完成
2025-06-17 17:43:27 DEBUG [config.py:82] 最终配置合并结果: {'graph_backend': 'neo4j', 'neo4j': {'uri': 'neo4j://127.0.0.1:7687', 'user': 'neo4j', 'password': 'autosar4.2.2'}, 'metadata_path': 'data/unified_metadata.json', 'constraints_path': 'data/constraints_linked.json', 'domain': 'AUTOSAR', 'version': 'UNSPECIFIED', 'output_dir': 'output', 'export': {'shacl': 'output\\shapes.ttl', 'smt': 'output\\constraints.smt2', 'gbnf': 'output\\autosar.gbnf'}}
2025-06-17 17:43:27 INFO [loader.py:37] 加载元模型文件: data/unified_metadata.json
2025-06-17 17:43:27 INFO [normalizer.py:111] 元数据规范化完成 (domain=AUTOSAR, version=UNSPECIFIED)
2025-06-17 17:43:27 INFO [loader.py:84] 加载约束文件: data/constraints_linked.json
2025-06-17 17:43:27 INFO [ontology_builder.py:36] 开始构建本体层图
2025-06-17 17:43:27 INFO [ontology_builder.py:41] 本体层节点 9251，边 7758
2025-06-17 17:43:27 INFO [constraint_parser.py:46] 开始解析约束 (1161 条)
2025-06-17 17:43:27 INFO [constraint_parser.py:51] 约束节点构建完成
2025-06-17 17:43:27 INFO [edge_builder.py:64] EdgeAssembler 生成边 1161 条
2025-06-17 17:47:33 DEBUG [logger.py:41] Logger 初始化完成
2025-06-17 17:47:33 DEBUG [logger.py:41] Logger 初始化完成
2025-06-17 17:47:33 DEBUG [logger.py:41] Logger 初始化完成
2025-06-17 17:47:33 DEBUG [logger.py:41] Logger 初始化完成
2025-06-17 17:47:33 DEBUG [logger.py:41] Logger 初始化完成
2025-06-17 17:47:33 DEBUG [logger.py:41] Logger 初始化完成
2025-06-17 17:47:33 DEBUG [logger.py:41] Logger 初始化完成
2025-06-17 17:47:33 DEBUG [logger.py:41] Logger 初始化完成
2025-06-17 17:47:33 DEBUG [logger.py:41] Logger 初始化完成
2025-06-17 17:47:33 DEBUG [logger.py:41] Logger 初始化完成
2025-06-17 17:47:33 DEBUG [logger.py:41] Logger 初始化完成
2025-06-17 17:47:33 DEBUG [logger.py:41] Logger 初始化完成
2025-06-17 17:47:33 DEBUG [config.py:82] 最终配置合并结果: {'graph_backend': 'neo4j', 'neo4j': {'uri': 'neo4j://127.0.0.1:7687', 'user': 'neo4j', 'password': 'autosar4.2.2'}, 'metadata_path': 'data/unified_metadata.json', 'constraints_path': 'data/constraints_linked.json', 'domain': 'AUTOSAR', 'version': 'UNSPECIFIED', 'output_dir': 'output', 'export': {'shacl': 'output\\shapes.ttl', 'smt': 'output\\constraints.smt2', 'gbnf': 'output\\autosar.gbnf'}}
2025-06-17 17:47:33 INFO [loader.py:37] 加载元模型文件: data/unified_metadata.json
2025-06-17 17:47:33 INFO [normalizer.py:111] 元数据规范化完成 (domain=AUTOSAR, version=UNSPECIFIED)
2025-06-17 17:47:33 INFO [loader.py:84] 加载约束文件: data/constraints_linked.json
2025-06-17 17:47:33 INFO [ontology_builder.py:36] 开始构建本体层图
2025-06-17 17:47:33 INFO [ontology_builder.py:41] 本体层节点 9251，边 7758
2025-06-17 17:47:33 INFO [constraint_parser.py:46] 开始解析约束 (1161 条)
2025-06-17 17:47:33 INFO [constraint_parser.py:51] 约束节点构建完成
2025-06-17 17:47:33 INFO [edge_builder.py:64] EdgeAssembler 生成边 1161 条
2025-06-17 18:01:27 DEBUG [logger.py:41] Logger 初始化完成
2025-06-17 18:01:27 DEBUG [logger.py:41] Logger 初始化完成
2025-06-17 18:01:27 DEBUG [logger.py:41] Logger 初始化完成
2025-06-17 18:01:27 DEBUG [logger.py:41] Logger 初始化完成
2025-06-17 18:01:27 DEBUG [logger.py:41] Logger 初始化完成
2025-06-17 18:01:27 DEBUG [logger.py:41] Logger 初始化完成
2025-06-17 18:01:27 DEBUG [logger.py:41] Logger 初始化完成
2025-06-17 18:01:28 DEBUG [logger.py:41] Logger 初始化完成
2025-06-17 18:01:28 DEBUG [logger.py:41] Logger 初始化完成
2025-06-17 18:01:28 DEBUG [logger.py:41] Logger 初始化完成
2025-06-17 18:01:28 DEBUG [logger.py:41] Logger 初始化完成
2025-06-17 18:01:28 DEBUG [logger.py:41] Logger 初始化完成
2025-06-17 18:01:28 DEBUG [config.py:82] 最终配置合并结果: {'graph_backend': 'neo4j', 'neo4j': {'uri': 'neo4j://127.0.0.1:7687', 'user': 'neo4j', 'password': 'autosar4.2.2'}, 'metadata_path': 'data/unified_metadata.json', 'constraints_path': 'data/constraints_linked.json', 'domain': 'AUTOSAR', 'version': 'UNSPECIFIED', 'output_dir': 'output', 'export': {'shacl': 'output\\shapes.ttl', 'smt': 'output\\constraints.smt2', 'gbnf': 'output\\autosar.gbnf'}}
2025-06-17 18:01:28 INFO [loader.py:37] 加载元模型文件: data/unified_metadata.json
2025-06-17 18:01:28 INFO [normalizer.py:111] 元数据规范化完成 (domain=AUTOSAR, version=UNSPECIFIED)
2025-06-17 18:01:28 INFO [loader.py:84] 加载约束文件: data/constraints_linked.json
2025-06-17 18:01:28 INFO [ontology_builder.py:36] 开始构建本体层图
2025-06-17 18:01:28 INFO [ontology_builder.py:41] 本体层节点 9251，边 7758
2025-06-17 18:01:28 INFO [constraint_parser.py:46] 开始解析约束 (1161 条)
2025-06-17 18:01:28 INFO [constraint_parser.py:51] 约束节点构建完成
2025-06-17 18:01:28 INFO [edge_builder.py:64] EdgeAssembler 生成边 1161 条
2025-06-17 18:07:12 DEBUG [logger.py:41] Logger 初始化完成
2025-06-17 18:07:13 DEBUG [logger.py:41] Logger 初始化完成
2025-06-17 18:07:13 DEBUG [logger.py:41] Logger 初始化完成
2025-06-17 18:07:13 DEBUG [logger.py:41] Logger 初始化完成
2025-06-17 18:07:13 DEBUG [logger.py:41] Logger 初始化完成
2025-06-17 18:07:13 DEBUG [logger.py:41] Logger 初始化完成
2025-06-17 18:07:13 DEBUG [logger.py:41] Logger 初始化完成
2025-06-17 18:07:13 DEBUG [logger.py:41] Logger 初始化完成
2025-06-17 18:07:13 DEBUG [logger.py:41] Logger 初始化完成
2025-06-17 18:07:13 DEBUG [logger.py:41] Logger 初始化完成
2025-06-17 18:07:13 DEBUG [logger.py:41] Logger 初始化完成
2025-06-17 18:07:13 DEBUG [logger.py:41] Logger 初始化完成
2025-06-17 18:07:13 DEBUG [config.py:82] 最终配置合并结果: {'graph_backend': 'neo4j', 'neo4j': {'uri': 'neo4j://127.0.0.1:7687', 'user': 'neo4j', 'password': 'autosar4.2.2'}, 'metadata_path': 'data/unified_metadata.json', 'constraints_path': 'data/constraints_linked.json', 'domain': 'AUTOSAR', 'version': 'UNSPECIFIED', 'output_dir': 'output', 'export': {'shacl': 'output\\shapes.ttl', 'smt': 'output\\constraints.smt2', 'gbnf': 'output\\autosar.gbnf'}}
2025-06-17 18:07:13 INFO [loader.py:37] 加载元模型文件: data/unified_metadata.json
2025-06-17 18:07:13 INFO [normalizer.py:111] 元数据规范化完成 (domain=AUTOSAR, version=UNSPECIFIED)
2025-06-17 18:07:13 INFO [loader.py:84] 加载约束文件: data/constraints_linked.json
2025-06-17 18:07:13 INFO [ontology_builder.py:36] 开始构建本体层图
2025-06-17 18:07:13 INFO [ontology_builder.py:41] 本体层节点 9251，边 7758
2025-06-17 18:07:13 INFO [constraint_parser.py:46] 开始解析约束 (1161 条)
2025-06-17 18:07:13 INFO [constraint_parser.py:51] 约束节点构建完成
2025-06-17 18:07:13 INFO [edge_builder.py:64] EdgeAssembler 生成边 1161 条
2025-06-17 18:08:08 DEBUG [logger.py:41] Logger 初始化完成
2025-06-17 18:08:08 DEBUG [logger.py:41] Logger 初始化完成
2025-06-17 18:08:08 DEBUG [logger.py:41] Logger 初始化完成
2025-06-17 18:08:08 DEBUG [logger.py:41] Logger 初始化完成
2025-06-17 18:08:08 DEBUG [logger.py:41] Logger 初始化完成
2025-06-17 18:08:08 DEBUG [logger.py:41] Logger 初始化完成
2025-06-17 18:08:08 DEBUG [logger.py:41] Logger 初始化完成
2025-06-17 18:08:08 DEBUG [logger.py:41] Logger 初始化完成
2025-06-17 18:08:08 DEBUG [logger.py:41] Logger 初始化完成
2025-06-17 18:08:08 DEBUG [logger.py:41] Logger 初始化完成
2025-06-17 18:08:08 DEBUG [logger.py:41] Logger 初始化完成
2025-06-17 18:08:08 DEBUG [logger.py:41] Logger 初始化完成
2025-06-17 18:08:08 DEBUG [config.py:82] 最终配置合并结果: {'graph_backend': 'neo4j', 'neo4j': {'uri': 'neo4j://127.0.0.1:7687', 'user': 'neo4j', 'password': 'autosar4.2.2'}, 'metadata_path': 'data/unified_metadata.json', 'constraints_path': 'data/constraints_linked.json', 'domain': 'AUTOSAR', 'version': 'UNSPECIFIED', 'output_dir': 'output', 'export': {'shacl': 'output\\shapes.ttl', 'smt': 'output\\constraints.smt2', 'gbnf': 'output\\autosar.gbnf'}}
2025-06-17 18:08:08 INFO [loader.py:37] 加载元模型文件: data/unified_metadata.json
2025-06-17 18:08:08 INFO [normalizer.py:111] 元数据规范化完成 (domain=AUTOSAR, version=UNSPECIFIED)
2025-06-17 18:08:08 INFO [loader.py:84] 加载约束文件: data/constraints_linked.json
2025-06-17 18:08:08 INFO [ontology_builder.py:36] 开始构建本体层图
2025-06-17 18:08:08 INFO [ontology_builder.py:41] 本体层节点 9251，边 7758
2025-06-17 18:08:08 INFO [constraint_parser.py:46] 开始解析约束 (1161 条)
2025-06-17 18:08:08 INFO [constraint_parser.py:51] 约束节点构建完成
2025-06-17 18:08:08 INFO [edge_builder.py:64] EdgeAssembler 生成边 1161 条
2025-06-17 18:10:12 DEBUG [logger.py:41] Logger 初始化完成
2025-06-17 18:10:12 DEBUG [logger.py:41] Logger 初始化完成
2025-06-17 18:10:12 DEBUG [logger.py:41] Logger 初始化完成
2025-06-17 18:10:12 DEBUG [logger.py:41] Logger 初始化完成
2025-06-17 18:10:12 DEBUG [logger.py:41] Logger 初始化完成
2025-06-17 18:10:12 DEBUG [logger.py:41] Logger 初始化完成
2025-06-17 18:10:12 DEBUG [logger.py:41] Logger 初始化完成
2025-06-17 18:10:12 DEBUG [logger.py:41] Logger 初始化完成
2025-06-17 18:10:12 DEBUG [logger.py:41] Logger 初始化完成
2025-06-17 18:10:12 DEBUG [logger.py:41] Logger 初始化完成
2025-06-17 18:10:12 DEBUG [logger.py:41] Logger 初始化完成
2025-06-17 18:10:12 DEBUG [logger.py:41] Logger 初始化完成
2025-06-17 18:10:12 DEBUG [config.py:82] 最终配置合并结果: {'graph_backend': 'neo4j', 'neo4j': {'uri': 'neo4j://127.0.0.1:7687', 'user': 'neo4j', 'password': 'autosar4.2.2'}, 'metadata_path': 'data/unified_metadata.json', 'constraints_path': 'data/constraints_linked.json', 'domain': 'AUTOSAR', 'version': 'UNSPECIFIED', 'output_dir': 'output', 'export': {'shacl': 'output\\shapes.ttl', 'smt': 'output\\constraints.smt2', 'gbnf': 'output\\autosar.gbnf'}}
2025-06-17 18:10:12 INFO [loader.py:37] 加载元模型文件: data/unified_metadata.json
2025-06-17 18:10:12 INFO [normalizer.py:111] 元数据规范化完成 (domain=AUTOSAR, version=UNSPECIFIED)
2025-06-17 18:10:12 INFO [loader.py:84] 加载约束文件: data/constraints_linked.json
2025-06-17 18:10:12 INFO [ontology_builder.py:36] 开始构建本体层图
2025-06-17 18:10:12 INFO [ontology_builder.py:41] 本体层节点 9251，边 7758
2025-06-17 18:10:12 INFO [constraint_parser.py:46] 开始解析约束 (1161 条)
2025-06-17 18:10:12 INFO [constraint_parser.py:51] 约束节点构建完成
2025-06-17 18:10:12 INFO [edge_builder.py:64] EdgeAssembler 生成边 1161 条
2025-06-17 18:14:22 DEBUG [logger.py:41] Logger 初始化完成
2025-06-17 18:14:22 DEBUG [logger.py:41] Logger 初始化完成
2025-06-17 18:14:22 DEBUG [logger.py:41] Logger 初始化完成
2025-06-17 18:14:22 DEBUG [logger.py:41] Logger 初始化完成
2025-06-17 18:14:22 DEBUG [logger.py:41] Logger 初始化完成
2025-06-17 18:14:22 DEBUG [logger.py:41] Logger 初始化完成
2025-06-17 18:14:22 DEBUG [logger.py:41] Logger 初始化完成
2025-06-17 18:14:22 DEBUG [logger.py:41] Logger 初始化完成
2025-06-17 18:14:22 DEBUG [logger.py:41] Logger 初始化完成
2025-06-17 18:14:22 DEBUG [logger.py:41] Logger 初始化完成
2025-06-17 18:14:22 DEBUG [logger.py:41] Logger 初始化完成
2025-06-17 18:14:22 DEBUG [logger.py:41] Logger 初始化完成
2025-06-17 18:14:22 DEBUG [config.py:82] 最终配置合并结果: {'graph_backend': 'neo4j', 'neo4j': {'uri': 'neo4j://127.0.0.1:7687', 'user': 'neo4j', 'password': 'autosar4.2.2'}, 'metadata_path': 'data/unified_metadata.json', 'constraints_path': 'data/constraints_linked.json', 'domain': 'AUTOSAR', 'version': 'UNSPECIFIED', 'output_dir': 'output', 'export': {'shacl': 'output\\shapes.ttl', 'smt': 'output\\constraints.smt2', 'gbnf': 'output\\autosar.gbnf'}}
2025-06-17 18:14:22 INFO [loader.py:37] 加载元模型文件: data/unified_metadata.json
2025-06-17 18:14:22 INFO [normalizer.py:111] 元数据规范化完成 (domain=AUTOSAR, version=UNSPECIFIED)
2025-06-17 18:14:22 INFO [loader.py:84] 加载约束文件: data/constraints_linked.json
2025-06-17 18:14:22 INFO [ontology_builder.py:36] 开始构建本体层图
2025-06-17 18:14:22 INFO [ontology_builder.py:41] 本体层节点 9251，边 7758
2025-06-17 18:14:22 INFO [constraint_parser.py:46] 开始解析约束 (1161 条)
2025-06-17 18:14:22 INFO [constraint_parser.py:51] 约束节点构建完成
2025-06-17 18:14:22 INFO [edge_builder.py:64] EdgeAssembler 生成边 1161 条
2025-06-17 18:15:04 INFO [graph_exporter.py:35] Neo4j 导入完成: nodes=10412 edges=8919
2025-06-17 18:18:38 DEBUG [logger.py:41] Logger 初始化完成
2025-06-17 18:18:38 DEBUG [logger.py:41] Logger 初始化完成
2025-06-17 18:18:38 DEBUG [logger.py:41] Logger 初始化完成
2025-06-17 18:18:38 DEBUG [logger.py:41] Logger 初始化完成
2025-06-17 18:18:38 DEBUG [logger.py:41] Logger 初始化完成
2025-06-17 18:18:38 DEBUG [logger.py:41] Logger 初始化完成
2025-06-17 18:18:38 DEBUG [logger.py:41] Logger 初始化完成
2025-06-17 18:18:39 DEBUG [logger.py:41] Logger 初始化完成
2025-06-17 18:18:39 DEBUG [logger.py:41] Logger 初始化完成
2025-06-17 18:18:39 DEBUG [logger.py:41] Logger 初始化完成
2025-06-17 18:18:39 DEBUG [logger.py:41] Logger 初始化完成
2025-06-17 18:18:39 DEBUG [logger.py:41] Logger 初始化完成
2025-06-17 18:18:39 DEBUG [config.py:82] 最终配置合并结果: {'graph_backend': 'neo4j', 'neo4j': {'uri': 'neo4j://127.0.0.1:7687', 'user': 'neo4j', 'password': 'autosar4.2.2'}, 'metadata_path': 'data/unified_metadata.json', 'constraints_path': 'data/constraints_linked.json', 'domain': 'AUTOSAR', 'version': 'UNSPECIFIED', 'output_dir': 'output', 'export': {'shacl': 'output\\shapes.ttl', 'smt': 'output\\constraints.smt2', 'gbnf': 'output\\autosar.gbnf'}}
2025-06-17 18:18:39 INFO [loader.py:37] 加载元模型文件: data/unified_metadata.json
2025-06-17 18:18:39 INFO [normalizer.py:111] 元数据规范化完成 (domain=AUTOSAR, version=UNSPECIFIED)
2025-06-17 18:18:39 INFO [loader.py:84] 加载约束文件: data/constraints_linked.json
2025-06-17 18:18:39 INFO [ontology_builder.py:36] 开始构建本体层图
2025-06-17 18:18:39 INFO [ontology_builder.py:41] 本体层节点 9251，边 7758
2025-06-17 18:18:39 INFO [constraint_parser.py:46] 开始解析约束 (1161 条)
2025-06-17 18:18:39 INFO [constraint_parser.py:51] 约束节点构建完成
2025-06-17 18:18:39 INFO [edge_builder.py:64] EdgeAssembler 生成边 1161 条
2025-06-17 18:19:13 INFO [graph_exporter.py:35] Neo4j 导入完成: nodes=10412 edges=8919
2025-06-17 18:19:13 INFO [shacl_generator.py:47] SHACL 生成完成，总计 1422 triples
2025-06-17 18:21:38 DEBUG [logger.py:41] Logger 初始化完成
2025-06-17 18:21:38 DEBUG [logger.py:41] Logger 初始化完成
2025-06-17 18:21:38 DEBUG [logger.py:41] Logger 初始化完成
2025-06-17 18:21:38 DEBUG [logger.py:41] Logger 初始化完成
2025-06-17 18:21:38 DEBUG [logger.py:41] Logger 初始化完成
2025-06-17 18:21:38 DEBUG [logger.py:41] Logger 初始化完成
2025-06-17 18:21:38 DEBUG [logger.py:41] Logger 初始化完成
2025-06-17 18:21:38 DEBUG [logger.py:41] Logger 初始化完成
2025-06-17 18:21:38 DEBUG [logger.py:41] Logger 初始化完成
2025-06-17 18:21:38 DEBUG [logger.py:41] Logger 初始化完成
2025-06-17 18:21:38 DEBUG [logger.py:41] Logger 初始化完成
2025-06-17 18:21:38 DEBUG [logger.py:41] Logger 初始化完成
2025-06-17 18:21:38 DEBUG [config.py:82] 最终配置合并结果: {'graph_backend': 'neo4j', 'neo4j': {'uri': 'neo4j://127.0.0.1:7687', 'user': 'neo4j', 'password': 'autosar4.2.2'}, 'metadata_path': 'data/unified_metadata.json', 'constraints_path': 'data/constraints_linked.json', 'domain': 'AUTOSAR', 'version': 'UNSPECIFIED', 'output_dir': 'output', 'export': {'shacl': 'output\\shapes.ttl', 'smt': 'output\\constraints.smt2', 'gbnf': 'output\\autosar.gbnf'}}
2025-06-17 18:21:38 INFO [loader.py:37] 加载元模型文件: data/unified_metadata.json
2025-06-17 18:21:39 INFO [normalizer.py:111] 元数据规范化完成 (domain=AUTOSAR, version=UNSPECIFIED)
2025-06-17 18:21:39 INFO [loader.py:84] 加载约束文件: data/constraints_linked.json
2025-06-17 18:21:39 INFO [ontology_builder.py:36] 开始构建本体层图
2025-06-17 18:21:39 INFO [ontology_builder.py:41] 本体层节点 9251，边 7758
2025-06-17 18:21:39 INFO [constraint_parser.py:46] 开始解析约束 (1161 条)
2025-06-17 18:21:39 INFO [constraint_parser.py:51] 约束节点构建完成
2025-06-17 18:21:39 INFO [edge_builder.py:64] EdgeAssembler 生成边 1161 条
2025-06-17 18:22:09 INFO [graph_exporter.py:35] Neo4j 导入完成: nodes=10412 edges=8919
2025-06-17 18:22:09 INFO [shacl_generator.py:47] SHACL 生成完成，总计 1422 triples
2025-06-17 18:22:09 INFO [smt_exporter.py:34] 已生成 SMT-LIB2 约束：1468 行
2025-06-17 18:24:16 DEBUG [logger.py:41] Logger 初始化完成
2025-06-17 18:24:16 DEBUG [logger.py:41] Logger 初始化完成
2025-06-17 18:24:16 DEBUG [logger.py:41] Logger 初始化完成
2025-06-17 18:24:16 DEBUG [logger.py:41] Logger 初始化完成
2025-06-17 18:24:16 DEBUG [logger.py:41] Logger 初始化完成
2025-06-17 18:24:16 DEBUG [logger.py:41] Logger 初始化完成
2025-06-17 18:24:16 DEBUG [logger.py:41] Logger 初始化完成
2025-06-17 18:24:17 DEBUG [logger.py:41] Logger 初始化完成
2025-06-17 18:24:17 DEBUG [logger.py:41] Logger 初始化完成
2025-06-17 18:24:17 DEBUG [logger.py:41] Logger 初始化完成
2025-06-17 18:24:17 DEBUG [logger.py:41] Logger 初始化完成
2025-06-17 18:24:17 DEBUG [logger.py:41] Logger 初始化完成
2025-06-17 18:24:17 DEBUG [config.py:82] 最终配置合并结果: {'graph_backend': 'neo4j', 'neo4j': {'uri': 'neo4j://127.0.0.1:7687', 'user': 'neo4j', 'password': 'autosar4.2.2'}, 'metadata_path': 'data/unified_metadata.json', 'constraints_path': 'data/constraints_linked.json', 'domain': 'AUTOSAR', 'version': 'UNSPECIFIED', 'output_dir': 'output', 'export': {'shacl': 'output\\shapes.ttl', 'smt': 'output\\constraints.smt2', 'gbnf': 'output\\autosar.gbnf'}}
2025-06-17 18:24:17 INFO [loader.py:37] 加载元模型文件: data/unified_metadata.json
2025-06-17 18:24:17 INFO [normalizer.py:111] 元数据规范化完成 (domain=AUTOSAR, version=UNSPECIFIED)
2025-06-17 18:24:17 INFO [loader.py:84] 加载约束文件: data/constraints_linked.json
2025-06-17 18:24:17 INFO [ontology_builder.py:36] 开始构建本体层图
2025-06-17 18:24:17 INFO [ontology_builder.py:41] 本体层节点 9251，边 7758
2025-06-17 18:24:17 INFO [constraint_parser.py:46] 开始解析约束 (1161 条)
2025-06-17 18:24:17 INFO [constraint_parser.py:51] 约束节点构建完成
2025-06-17 18:24:17 INFO [edge_builder.py:64] EdgeAssembler 生成边 1161 条
2025-06-17 18:24:46 INFO [graph_exporter.py:35] Neo4j 导入完成: nodes=10412 edges=8919
2025-06-17 18:24:46 INFO [shacl_generator.py:47] SHACL 生成完成，总计 1422 triples
2025-06-17 18:24:47 INFO [smt_exporter.py:34] 已生成 SMT-LIB2 约束：1468 行
2025-06-17 18:24:47 INFO [schema_exporter.py:33] GBNF 生成完成，1 条规则
2025-06-17 18:24:47 INFO [cli.py:99] KG 构建流程结束；产物已输出至 D:\PycharmProjects\AI_XmlGenerator\src\kg_builder\output
2025-06-17 21:25:46 DEBUG [logger.py:41] Logger 初始化完成
2025-06-17 21:25:47 DEBUG [logger.py:41] Logger 初始化完成
2025-06-17 21:25:47 DEBUG [logger.py:41] Logger 初始化完成
2025-06-17 21:25:47 DEBUG [logger.py:41] Logger 初始化完成
2025-06-17 21:25:47 DEBUG [logger.py:41] Logger 初始化完成
2025-06-17 21:25:47 DEBUG [logger.py:41] Logger 初始化完成
2025-06-17 21:25:47 DEBUG [logger.py:41] Logger 初始化完成
2025-06-17 21:25:47 DEBUG [logger.py:41] Logger 初始化完成
2025-06-17 21:25:47 DEBUG [logger.py:41] Logger 初始化完成
2025-06-17 21:25:47 DEBUG [logger.py:41] Logger 初始化完成
2025-06-17 21:25:47 DEBUG [logger.py:41] Logger 初始化完成
2025-06-17 21:25:47 DEBUG [logger.py:41] Logger 初始化完成
2025-06-17 21:25:47 DEBUG [config.py:82] 最终配置合并结果: {'graph_backend': 'neo4j', 'neo4j': {'uri': 'neo4j://127.0.0.1:7687', 'user': 'neo4j', 'password': 'autosar4.2.2'}, 'metadata_path': 'data/unified_metadata.json', 'constraints_path': 'data/constraints_linked.json', 'domain': 'AUTOSAR', 'version': 'UNSPECIFIED', 'output_dir': 'output', 'export': {'shacl': 'output\\shapes.ttl', 'smt': 'output\\constraints.smt2', 'gbnf': 'output\\autosar.gbnf'}}
2025-06-17 21:25:47 INFO [loader.py:37] 加载元模型文件: data/unified_metadata.json
2025-06-17 21:25:47 INFO [normalizer.py:111] 元数据规范化完成 (domain=AUTOSAR, version=UNSPECIFIED)
2025-06-17 21:25:47 INFO [loader.py:84] 加载约束文件: data/constraints_linked.json
2025-06-17 21:25:47 INFO [ontology_builder.py:36] 开始构建本体层图
2025-06-17 21:25:47 INFO [ontology_builder.py:41] 本体层节点 9251，边 7758
2025-06-17 21:25:47 INFO [constraint_parser.py:46] 开始解析约束 (1161 条)
2025-06-17 21:25:47 INFO [constraint_parser.py:51] 约束节点构建完成
2025-06-17 21:39:34 DEBUG [logger.py:41] Logger 初始化完成
2025-06-17 21:39:34 DEBUG [logger.py:41] Logger 初始化完成
2025-06-17 21:39:34 DEBUG [logger.py:41] Logger 初始化完成
2025-06-17 21:39:34 DEBUG [logger.py:41] Logger 初始化完成
2025-06-17 21:39:34 DEBUG [logger.py:41] Logger 初始化完成
2025-06-17 21:39:34 DEBUG [logger.py:41] Logger 初始化完成
2025-06-17 21:39:34 DEBUG [logger.py:41] Logger 初始化完成
2025-06-17 21:39:34 DEBUG [logger.py:41] Logger 初始化完成
2025-06-17 21:39:34 DEBUG [logger.py:41] Logger 初始化完成
2025-06-17 21:39:34 DEBUG [logger.py:41] Logger 初始化完成
2025-06-17 21:39:34 DEBUG [logger.py:41] Logger 初始化完成
2025-06-17 21:39:34 DEBUG [logger.py:41] Logger 初始化完成
2025-06-17 21:39:34 DEBUG [config.py:82] 最终配置合并结果: {'graph_backend': 'neo4j', 'neo4j': {'uri': 'neo4j://127.0.0.1:7687', 'user': 'neo4j', 'password': 'autosar4.2.2'}, 'metadata_path': 'data/unified_metadata.json', 'constraints_path': 'data/constraints_linked.json', 'domain': 'AUTOSAR', 'version': 'UNSPECIFIED', 'output_dir': 'output', 'export': {'shacl': 'output\\shapes.ttl', 'smt': 'output\\constraints.smt2', 'gbnf': 'output\\autosar.gbnf'}}
2025-06-17 21:39:34 INFO [loader.py:37] 加载元模型文件: data/unified_metadata.json
2025-06-17 21:39:34 INFO [normalizer.py:111] 元数据规范化完成 (domain=AUTOSAR, version=UNSPECIFIED)
2025-06-17 21:39:34 INFO [loader.py:84] 加载约束文件: data/constraints_linked.json
2025-06-17 21:39:34 INFO [ontology_builder.py:36] 开始构建本体层图
2025-06-17 21:48:09 DEBUG [logger.py:41] Logger 初始化完成
2025-06-17 21:48:09 DEBUG [logger.py:41] Logger 初始化完成
2025-06-17 21:48:09 DEBUG [logger.py:41] Logger 初始化完成
2025-06-17 21:48:09 DEBUG [logger.py:41] Logger 初始化完成
2025-06-17 21:48:09 DEBUG [logger.py:41] Logger 初始化完成
2025-06-17 21:48:09 DEBUG [logger.py:41] Logger 初始化完成
2025-06-17 21:48:09 DEBUG [logger.py:41] Logger 初始化完成
2025-06-17 21:48:09 DEBUG [logger.py:41] Logger 初始化完成
2025-06-17 21:48:09 DEBUG [logger.py:41] Logger 初始化完成
2025-06-17 21:48:09 DEBUG [logger.py:41] Logger 初始化完成
2025-06-17 21:48:09 DEBUG [logger.py:41] Logger 初始化完成
2025-06-17 21:48:09 DEBUG [logger.py:41] Logger 初始化完成
2025-06-17 21:48:09 DEBUG [config.py:82] 最终配置合并结果: {'graph_backend': 'neo4j', 'neo4j': {'uri': 'neo4j://127.0.0.1:7687', 'user': 'neo4j', 'password': 'autosar4.2.2'}, 'metadata_path': 'data/unified_metadata.json', 'constraints_path': 'data/constraints_linked.json', 'domain': 'AUTOSAR', 'version': 'UNSPECIFIED', 'output_dir': 'output', 'export': {'shacl': 'output\\shapes.ttl', 'smt': 'output\\constraints.smt2', 'gbnf': 'output\\autosar.gbnf'}}
2025-06-17 21:48:09 INFO [loader.py:37] 加载元模型文件: data/unified_metadata.json
2025-06-17 21:48:09 INFO [normalizer.py:111] 元数据规范化完成 (domain=AUTOSAR, version=UNSPECIFIED)
2025-06-17 21:48:09 INFO [loader.py:84] 加载约束文件: data/constraints_linked.json
2025-06-17 21:48:09 INFO [ontology_builder.py:36] 开始构建本体层图
2025-06-17 21:48:09 INFO [ontology_builder.py:41] 本体层节点 9251，边 7758
2025-06-17 21:48:09 INFO [constraint_parser.py:46] 开始解析约束 (1161 条)
2025-06-17 21:48:09 INFO [constraint_parser.py:51] 约束节点构建完成
2025-06-18 09:21:01 DEBUG [logger.py:41] Logger 初始化完成
2025-06-18 09:21:01 DEBUG [logger.py:41] Logger 初始化完成
2025-06-18 09:21:01 DEBUG [logger.py:41] Logger 初始化完成
2025-06-18 09:21:01 DEBUG [logger.py:41] Logger 初始化完成
2025-06-18 09:21:01 DEBUG [logger.py:41] Logger 初始化完成
2025-06-18 09:21:01 DEBUG [logger.py:41] Logger 初始化完成
2025-06-18 09:21:01 DEBUG [logger.py:41] Logger 初始化完成
2025-06-18 09:21:01 DEBUG [logger.py:41] Logger 初始化完成
2025-06-18 09:21:01 DEBUG [logger.py:41] Logger 初始化完成
2025-06-18 09:21:01 DEBUG [logger.py:41] Logger 初始化完成
2025-06-18 09:21:01 DEBUG [logger.py:41] Logger 初始化完成
2025-06-18 09:21:01 DEBUG [logger.py:41] Logger 初始化完成
2025-06-18 09:21:01 DEBUG [config.py:82] 最终配置合并结果: {'graph_backend': 'neo4j', 'neo4j': {'uri': 'neo4j://127.0.0.1:7687', 'user': 'neo4j', 'password': 'autosar4.2.2'}, 'metadata_path': 'data/unified_metadata.json', 'constraints_path': 'data/constraints_linked.json', 'domain': 'AUTOSAR', 'version': 'UNSPECIFIED', 'output_dir': 'output', 'export': {'shacl': 'output\\shapes.ttl', 'smt': 'output\\constraints.smt2', 'gbnf': 'output\\autosar.gbnf'}}
2025-06-18 09:21:01 INFO [loader.py:37] 加载元模型文件: data/unified_metadata.json
2025-06-18 09:21:01 INFO [normalizer.py:84] 元数据规范化完成 (domain=AUTOSAR, version=UNSPECIFIED)
2025-06-18 09:21:01 INFO [loader.py:84] 加载约束文件: data/constraints_linked.json
2025-06-18 09:21:01 INFO [ontology_builder.py:29] 开始构建本体层图
2025-06-18 09:21:53 DEBUG [logger.py:41] Logger 初始化完成
2025-06-18 09:21:53 DEBUG [logger.py:41] Logger 初始化完成
2025-06-18 09:21:53 DEBUG [logger.py:41] Logger 初始化完成
2025-06-18 09:21:53 DEBUG [logger.py:41] Logger 初始化完成
2025-06-18 09:21:53 DEBUG [logger.py:41] Logger 初始化完成
2025-06-18 09:21:53 DEBUG [logger.py:41] Logger 初始化完成
2025-06-18 09:21:53 DEBUG [logger.py:41] Logger 初始化完成
2025-06-18 09:21:53 DEBUG [logger.py:41] Logger 初始化完成
2025-06-18 09:21:53 DEBUG [logger.py:41] Logger 初始化完成
2025-06-18 09:21:53 DEBUG [logger.py:41] Logger 初始化完成
2025-06-18 09:21:53 DEBUG [logger.py:41] Logger 初始化完成
2025-06-18 09:21:53 DEBUG [logger.py:41] Logger 初始化完成
2025-06-18 09:21:53 DEBUG [config.py:82] 最终配置合并结果: {'graph_backend': 'neo4j', 'neo4j': {'uri': 'neo4j://127.0.0.1:7687', 'user': 'neo4j', 'password': 'autosar4.2.2'}, 'metadata_path': 'data/unified_metadata.json', 'constraints_path': 'data/constraints_linked.json', 'domain': 'AUTOSAR', 'version': 'UNSPECIFIED', 'output_dir': 'output', 'export': {'shacl': 'output\\shapes.ttl', 'smt': 'output\\constraints.smt2', 'gbnf': 'output\\autosar.gbnf'}}
2025-06-18 09:21:53 INFO [loader.py:37] 加载元模型文件: data/unified_metadata.json
2025-06-18 09:21:53 INFO [normalizer.py:93] 元数据规范化完成 (domain=AUTOSAR, version=UNSPECIFIED)
2025-06-18 09:21:53 INFO [loader.py:84] 加载约束文件: data/constraints_linked.json
2025-06-18 09:21:53 INFO [ontology_builder.py:29] 开始构建本体层图
2025-06-18 09:21:53 INFO [ontology_builder.py:44] 本体层节点 11084，边 11903
2025-06-18 09:21:53 INFO [constraint_parser.py:46] 开始解析约束 (1161 条)
2025-06-18 09:21:53 INFO [constraint_parser.py:51] 约束节点构建完成
2025-06-18 09:27:21 DEBUG [logger.py:41] Logger 初始化完成
2025-06-18 09:27:21 DEBUG [logger.py:41] Logger 初始化完成
2025-06-18 09:27:21 DEBUG [logger.py:41] Logger 初始化完成
2025-06-18 09:27:21 DEBUG [logger.py:41] Logger 初始化完成
2025-06-18 09:27:21 DEBUG [logger.py:41] Logger 初始化完成
2025-06-18 09:27:21 DEBUG [logger.py:41] Logger 初始化完成
2025-06-18 09:27:21 DEBUG [logger.py:41] Logger 初始化完成
2025-06-18 09:27:21 DEBUG [logger.py:41] Logger 初始化完成
2025-06-18 09:27:21 DEBUG [logger.py:41] Logger 初始化完成
2025-06-18 09:27:21 DEBUG [logger.py:41] Logger 初始化完成
2025-06-18 09:27:21 DEBUG [logger.py:41] Logger 初始化完成
2025-06-18 09:27:21 DEBUG [logger.py:41] Logger 初始化完成
2025-06-18 09:27:21 DEBUG [config.py:82] 最终配置合并结果: {'graph_backend': 'neo4j', 'neo4j': {'uri': 'neo4j://127.0.0.1:7687', 'user': 'neo4j', 'password': 'autosar4.2.2'}, 'metadata_path': 'data/unified_metadata.json', 'constraints_path': 'data/constraints_linked.json', 'domain': 'AUTOSAR', 'version': 'UNSPECIFIED', 'output_dir': 'output', 'export': {'shacl': 'output\\shapes.ttl', 'smt': 'output\\constraints.smt2', 'gbnf': 'output\\autosar.gbnf'}}
2025-06-18 09:27:21 INFO [loader.py:37] 加载元模型文件: data/unified_metadata.json
2025-06-18 09:27:21 INFO [normalizer.py:93] 元数据规范化完成 (domain=AUTOSAR, version=UNSPECIFIED)
2025-06-18 09:27:21 INFO [loader.py:84] 加载约束文件: data/constraints_linked.json
2025-06-18 09:27:21 INFO [ontology_builder.py:29] 开始构建本体层图
2025-06-18 09:27:21 INFO [ontology_builder.py:44] 本体层节点 11084，边 11903
2025-06-18 09:27:21 INFO [constraint_parser.py:46] 开始解析约束 (1161 条)
2025-06-18 09:27:21 INFO [constraint_parser.py:51] 约束节点构建完成
2025-06-18 09:39:09 DEBUG [logger.py:41] Logger 初始化完成
2025-06-18 09:39:09 DEBUG [logger.py:41] Logger 初始化完成
2025-06-18 09:39:09 DEBUG [logger.py:41] Logger 初始化完成
2025-06-18 09:39:09 DEBUG [logger.py:41] Logger 初始化完成
2025-06-18 09:39:09 DEBUG [logger.py:41] Logger 初始化完成
2025-06-18 09:39:09 DEBUG [logger.py:41] Logger 初始化完成
2025-06-18 09:39:09 DEBUG [logger.py:41] Logger 初始化完成
2025-06-18 09:39:09 DEBUG [logger.py:41] Logger 初始化完成
2025-06-18 09:39:09 DEBUG [logger.py:41] Logger 初始化完成
2025-06-18 09:39:09 DEBUG [logger.py:41] Logger 初始化完成
2025-06-18 09:39:09 DEBUG [logger.py:41] Logger 初始化完成
2025-06-18 09:39:09 DEBUG [logger.py:41] Logger 初始化完成
2025-06-18 09:39:09 DEBUG [config.py:82] 最终配置合并结果: {'graph_backend': 'neo4j', 'neo4j': {'uri': 'neo4j://127.0.0.1:7687', 'user': 'neo4j', 'password': 'autosar4.2.2'}, 'metadata_path': 'data/unified_metadata.json', 'constraints_path': 'data/constraints_linked.json', 'domain': 'AUTOSAR', 'version': 'UNSPECIFIED', 'output_dir': 'output', 'export': {'shacl': 'output\\shapes.ttl', 'smt': 'output\\constraints.smt2', 'gbnf': 'output\\autosar.gbnf'}}
2025-06-18 09:39:09 INFO [loader.py:37] 加载元模型文件: data/unified_metadata.json
2025-06-18 09:39:09 INFO [normalizer.py:77] 元数据规范化完成 (domain=AUTOSAR, version=UNSPECIFIED)
2025-06-18 09:39:09 INFO [loader.py:84] 加载约束文件: data/constraints_linked.json
2025-06-18 09:39:09 INFO [ontology_builder.py:25] 开始构建本体层图
2025-06-18 09:39:09 INFO [ontology_builder.py:35] 本体层节点 11084，边 11903
2025-06-18 09:39:09 INFO [constraint_parser.py:46] 开始解析约束 (1161 条)
2025-06-18 09:39:09 INFO [constraint_parser.py:51] 约束节点构建完成
2025-06-18 10:25:48 DEBUG [logger.py:41] Logger 初始化完成
2025-06-18 10:25:48 DEBUG [logger.py:41] Logger 初始化完成
2025-06-18 10:25:48 DEBUG [logger.py:41] Logger 初始化完成
2025-06-18 10:25:48 DEBUG [logger.py:41] Logger 初始化完成
2025-06-18 10:25:48 DEBUG [logger.py:41] Logger 初始化完成
2025-06-18 10:25:48 DEBUG [logger.py:41] Logger 初始化完成
2025-06-18 10:25:48 DEBUG [logger.py:41] Logger 初始化完成
2025-06-18 10:25:48 DEBUG [logger.py:41] Logger 初始化完成
2025-06-18 10:25:48 DEBUG [logger.py:41] Logger 初始化完成
2025-06-18 10:25:48 DEBUG [logger.py:41] Logger 初始化完成
2025-06-18 10:25:48 DEBUG [logger.py:41] Logger 初始化完成
2025-06-18 10:25:48 DEBUG [logger.py:41] Logger 初始化完成
2025-06-18 10:25:48 DEBUG [config.py:82] 最终配置合并结果: {'graph_backend': 'neo4j', 'neo4j': {'uri': 'neo4j://127.0.0.1:7687', 'user': 'neo4j', 'password': 'autosar4.2.2'}, 'metadata_path': 'data/unified_metadata.json', 'constraints_path': 'data/constraints_linked.json', 'domain': 'AUTOSAR', 'version': 'UNSPECIFIED', 'output_dir': 'output', 'export': {'shacl': 'output\\shapes.ttl', 'smt': 'output\\constraints.smt2', 'gbnf': 'output\\autosar.gbnf'}}
2025-06-18 10:25:48 INFO [loader.py:37] 加载元模型文件: data/unified_metadata.json
2025-06-18 10:25:48 INFO [normalizer.py:77] 元数据规范化完成 (domain=AUTOSAR, version=UNSPECIFIED)
2025-06-18 10:25:48 INFO [loader.py:84] 加载约束文件: data/constraints_linked.json
2025-06-18 10:25:48 INFO [ontology_builder.py:25] 开始构建本体层图
2025-06-18 10:25:48 INFO [ontology_builder.py:35] 本体层节点 11084，边 11903
2025-06-18 10:25:48 INFO [constraint_parser.py:46] 开始解析约束 (1161 条)
2025-06-18 10:25:48 INFO [constraint_parser.py:51] 约束节点构建完成
2025-06-18 10:35:49 DEBUG [logger.py:41] Logger 初始化完成
2025-06-18 10:35:49 DEBUG [logger.py:41] Logger 初始化完成
2025-06-18 10:35:49 DEBUG [logger.py:41] Logger 初始化完成
2025-06-18 10:35:49 DEBUG [logger.py:41] Logger 初始化完成
2025-06-18 10:35:49 DEBUG [logger.py:41] Logger 初始化完成
2025-06-18 10:35:49 DEBUG [logger.py:41] Logger 初始化完成
2025-06-18 10:35:49 DEBUG [logger.py:41] Logger 初始化完成
2025-06-18 10:35:49 DEBUG [logger.py:41] Logger 初始化完成
2025-06-18 10:35:49 DEBUG [logger.py:41] Logger 初始化完成
2025-06-18 10:35:49 DEBUG [logger.py:41] Logger 初始化完成
2025-06-18 10:35:49 DEBUG [logger.py:41] Logger 初始化完成
2025-06-18 10:35:49 DEBUG [logger.py:41] Logger 初始化完成
2025-06-18 10:35:49 DEBUG [config.py:82] 最终配置合并结果: {'graph_backend': 'neo4j', 'neo4j': {'uri': 'neo4j://127.0.0.1:7687', 'user': 'neo4j', 'password': 'autosar4.2.2'}, 'metadata_path': 'data/unified_metadata.json', 'constraints_path': 'data/constraints_linked.json', 'domain': 'AUTOSAR', 'version': 'UNSPECIFIED', 'output_dir': 'output', 'export': {'shacl': 'output\\shapes.ttl', 'smt': 'output\\constraints.smt2', 'gbnf': 'output\\autosar.gbnf'}}
2025-06-18 10:35:49 INFO [loader.py:37] 加载元模型文件: data/unified_metadata.json
2025-06-18 10:35:49 INFO [normalizer.py:77] 元数据规范化完成 (domain=AUTOSAR, version=UNSPECIFIED)
2025-06-18 10:35:49 INFO [loader.py:84] 加载约束文件: data/constraints_linked.json
2025-06-18 10:35:49 INFO [ontology_builder.py:25] 开始构建本体层图
2025-06-18 10:35:49 INFO [ontology_builder.py:35] 本体层节点 11084，边 11903
2025-06-18 10:35:49 INFO [constraint_parser.py:46] 开始解析约束 (1161 条)
2025-06-18 10:35:49 INFO [constraint_parser.py:51] 约束节点构建完成
2025-06-18 10:36:27 DEBUG [logger.py:41] Logger 初始化完成
2025-06-18 10:36:27 DEBUG [logger.py:41] Logger 初始化完成
2025-06-18 10:36:27 DEBUG [logger.py:41] Logger 初始化完成
2025-06-18 10:36:27 DEBUG [logger.py:41] Logger 初始化完成
2025-06-18 10:36:27 DEBUG [logger.py:41] Logger 初始化完成
2025-06-18 10:36:27 DEBUG [logger.py:41] Logger 初始化完成
2025-06-18 10:36:27 DEBUG [logger.py:41] Logger 初始化完成
2025-06-18 10:36:27 DEBUG [logger.py:41] Logger 初始化完成
2025-06-18 10:36:27 DEBUG [logger.py:41] Logger 初始化完成
2025-06-18 10:36:27 DEBUG [logger.py:41] Logger 初始化完成
2025-06-18 10:36:27 DEBUG [logger.py:41] Logger 初始化完成
2025-06-18 10:36:27 DEBUG [logger.py:41] Logger 初始化完成
2025-06-18 10:36:27 DEBUG [config.py:82] 最终配置合并结果: {'graph_backend': 'neo4j', 'neo4j': {'uri': 'neo4j://127.0.0.1:7687', 'user': 'neo4j', 'password': 'autosar4.2.2'}, 'metadata_path': 'data/unified_metadata.json', 'constraints_path': 'data/constraints_linked.json', 'domain': 'AUTOSAR', 'version': 'UNSPECIFIED', 'output_dir': 'output', 'export': {'shacl': 'output\\shapes.ttl', 'smt': 'output\\constraints.smt2', 'gbnf': 'output\\autosar.gbnf'}}
2025-06-18 10:36:27 INFO [loader.py:37] 加载元模型文件: data/unified_metadata.json
2025-06-18 10:36:27 INFO [normalizer.py:77] 元数据规范化完成 (domain=AUTOSAR, version=UNSPECIFIED)
2025-06-18 10:36:27 INFO [loader.py:84] 加载约束文件: data/constraints_linked.json
2025-06-18 10:36:27 INFO [ontology_builder.py:25] 开始构建本体层图
2025-06-18 10:36:27 INFO [ontology_builder.py:35] 本体层节点 11084，边 11903
2025-06-18 10:36:27 INFO [constraint_parser.py:46] 开始解析约束 (1161 条)
2025-06-18 10:36:27 INFO [constraint_parser.py:51] 约束节点构建完成
2025-06-18 10:56:23 DEBUG [logger.py:41] Logger 初始化完成
2025-06-18 10:56:23 DEBUG [logger.py:41] Logger 初始化完成
2025-06-18 10:56:23 DEBUG [logger.py:41] Logger 初始化完成
2025-06-18 10:56:23 DEBUG [logger.py:41] Logger 初始化完成
2025-06-18 10:56:23 DEBUG [logger.py:41] Logger 初始化完成
2025-06-18 10:56:23 DEBUG [logger.py:41] Logger 初始化完成
2025-06-18 10:56:23 DEBUG [logger.py:41] Logger 初始化完成
2025-06-18 10:56:23 DEBUG [logger.py:41] Logger 初始化完成
2025-06-18 10:56:23 DEBUG [logger.py:41] Logger 初始化完成
2025-06-18 10:56:23 DEBUG [logger.py:41] Logger 初始化完成
2025-06-18 10:56:23 DEBUG [logger.py:41] Logger 初始化完成
2025-06-18 10:56:23 DEBUG [logger.py:41] Logger 初始化完成
2025-06-18 10:56:23 DEBUG [config.py:82] 最终配置合并结果: {'graph_backend': 'neo4j', 'neo4j': {'uri': 'neo4j://127.0.0.1:7687', 'user': 'neo4j', 'password': 'autosar4.2.2'}, 'metadata_path': 'data/unified_metadata.json', 'constraints_path': 'data/constraints_linked.json', 'domain': 'AUTOSAR', 'version': 'UNSPECIFIED', 'output_dir': 'output', 'export': {'shacl': 'output\\shapes.ttl', 'smt': 'output\\constraints.smt2', 'gbnf': 'output\\autosar.gbnf'}}
2025-06-18 10:56:23 INFO [loader.py:37] 加载元模型文件: data/unified_metadata.json
2025-06-18 10:56:23 INFO [normalizer.py:77] 元数据规范化完成 (domain=AUTOSAR, version=UNSPECIFIED)
2025-06-18 10:56:23 INFO [loader.py:84] 加载约束文件: data/constraints_linked.json
2025-06-18 10:56:23 INFO [ontology_builder.py:25] 开始构建本体层图
2025-06-18 10:56:23 INFO [ontology_builder.py:35] 本体层节点 11084，边 11903
2025-06-18 10:56:23 INFO [constraint_parser.py:46] 开始解析约束 (1161 条)
2025-06-18 10:56:23 INFO [constraint_parser.py:51] 约束节点构建完成
2025-06-18 11:05:20 DEBUG [logger.py:41] Logger 初始化完成
2025-06-18 11:05:20 DEBUG [logger.py:41] Logger 初始化完成
2025-06-18 11:05:20 DEBUG [logger.py:41] Logger 初始化完成
2025-06-18 11:05:20 DEBUG [logger.py:41] Logger 初始化完成
2025-06-18 11:05:20 DEBUG [logger.py:41] Logger 初始化完成
2025-06-18 11:05:20 DEBUG [logger.py:41] Logger 初始化完成
2025-06-18 11:05:20 DEBUG [logger.py:41] Logger 初始化完成
2025-06-18 11:05:20 DEBUG [logger.py:41] Logger 初始化完成
2025-06-18 11:05:20 DEBUG [logger.py:41] Logger 初始化完成
2025-06-18 11:05:20 DEBUG [logger.py:41] Logger 初始化完成
2025-06-18 11:05:20 DEBUG [logger.py:41] Logger 初始化完成
2025-06-18 11:05:20 DEBUG [logger.py:41] Logger 初始化完成
2025-06-18 11:05:20 DEBUG [config.py:82] 最终配置合并结果: {'graph_backend': 'neo4j', 'neo4j': {'uri': 'neo4j://127.0.0.1:7687', 'user': 'neo4j', 'password': 'autosar4.2.2'}, 'metadata_path': 'data/unified_metadata.json', 'constraints_path': 'data/constraints_linked.json', 'domain': 'AUTOSAR', 'version': 'UNSPECIFIED', 'output_dir': 'output', 'export': {'shacl': 'output\\shapes.ttl', 'smt': 'output\\constraints.smt2', 'gbnf': 'output\\autosar.gbnf'}}
2025-06-18 11:05:20 INFO [loader.py:37] 加载元模型文件: data/unified_metadata.json
2025-06-18 11:05:21 INFO [normalizer.py:77] 元数据规范化完成 (domain=AUTOSAR, version=UNSPECIFIED)
2025-06-18 11:05:21 INFO [loader.py:84] 加载约束文件: data/constraints_linked.json
2025-06-18 11:05:21 INFO [ontology_builder.py:25] 开始构建本体层图
2025-06-18 11:05:21 INFO [ontology_builder.py:35] 本体层节点 11084，边 11903
2025-06-18 11:05:21 INFO [constraint_parser.py:46] 开始解析约束 (1161 条)
2025-06-18 11:05:21 INFO [constraint_parser.py:51] 约束节点构建完成
2025-06-18 13:52:26 DEBUG [logger.py:41] Logger 初始化完成
2025-06-18 13:52:26 DEBUG [logger.py:41] Logger 初始化完成
2025-06-18 13:52:26 DEBUG [logger.py:41] Logger 初始化完成
2025-06-18 13:52:26 DEBUG [logger.py:41] Logger 初始化完成
2025-06-18 13:52:26 DEBUG [logger.py:41] Logger 初始化完成
2025-06-18 13:52:26 DEBUG [logger.py:41] Logger 初始化完成
2025-06-18 13:52:26 DEBUG [logger.py:41] Logger 初始化完成
2025-06-18 13:52:27 DEBUG [logger.py:41] Logger 初始化完成
2025-06-18 13:52:27 DEBUG [logger.py:41] Logger 初始化完成
2025-06-18 13:52:27 DEBUG [logger.py:41] Logger 初始化完成
2025-06-18 13:52:27 DEBUG [logger.py:41] Logger 初始化完成
2025-06-18 13:52:27 DEBUG [logger.py:41] Logger 初始化完成
2025-06-18 13:52:27 DEBUG [config.py:82] 最终配置合并结果: {'graph_backend': 'neo4j', 'neo4j': {'uri': 'neo4j://127.0.0.1:7687', 'user': 'neo4j', 'password': 'autosar4.2.2'}, 'metadata_path': 'data/unified_metadata.json', 'constraints_path': 'data/constraints_linked.json', 'domain': 'AUTOSAR', 'version': 'UNSPECIFIED', 'output_dir': 'output', 'export': {'shacl': 'output\\shapes.ttl', 'smt': 'output\\constraints.smt2', 'gbnf': 'output\\autosar.gbnf'}}
2025-06-18 13:52:27 INFO [loader.py:37] 加载元模型文件: data/unified_metadata.json
2025-06-18 13:52:27 INFO [normalizer.py:79] 元数据规范化完成 (domain=AUTOSAR, version=UNSPECIFIED)
2025-06-18 13:52:27 INFO [loader.py:84] 加载约束文件: data/constraints_linked.json
2025-06-18 13:52:27 INFO [ontology_builder.py:25] 开始构建本体层图
2025-06-18 13:52:27 INFO [ontology_builder.py:35] 本体层节点 11084，边 11939
2025-06-18 13:52:27 INFO [constraint_parser.py:46] 开始解析约束 (1161 条)
2025-06-18 13:52:27 INFO [constraint_parser.py:51] 约束节点构建完成
2025-06-18 13:54:53 DEBUG [logger.py:41] Logger 初始化完成
2025-06-18 13:54:53 DEBUG [logger.py:41] Logger 初始化完成
2025-06-18 13:54:53 DEBUG [logger.py:41] Logger 初始化完成
2025-06-18 13:54:53 DEBUG [logger.py:41] Logger 初始化完成
2025-06-18 13:54:53 DEBUG [logger.py:41] Logger 初始化完成
2025-06-18 13:54:53 DEBUG [logger.py:41] Logger 初始化完成
2025-06-18 13:54:53 DEBUG [logger.py:41] Logger 初始化完成
2025-06-18 13:54:54 DEBUG [logger.py:41] Logger 初始化完成
2025-06-18 13:54:54 DEBUG [logger.py:41] Logger 初始化完成
2025-06-18 13:54:54 DEBUG [logger.py:41] Logger 初始化完成
2025-06-18 13:54:54 DEBUG [logger.py:41] Logger 初始化完成
2025-06-18 13:54:54 DEBUG [logger.py:41] Logger 初始化完成
2025-06-18 13:54:54 DEBUG [config.py:82] 最终配置合并结果: {'graph_backend': 'neo4j', 'neo4j': {'uri': 'neo4j://127.0.0.1:7687', 'user': 'neo4j', 'password': 'autosar4.2.2'}, 'metadata_path': 'data/unified_metadata.json', 'constraints_path': 'data/constraints_linked.json', 'domain': 'AUTOSAR', 'version': 'UNSPECIFIED', 'output_dir': 'output', 'export': {'shacl': 'output\\shapes.ttl', 'smt': 'output\\constraints.smt2', 'gbnf': 'output\\autosar.gbnf'}}
2025-06-18 13:54:54 INFO [loader.py:37] 加载元模型文件: data/unified_metadata.json
2025-06-18 13:54:54 INFO [normalizer.py:79] 元数据规范化完成 (domain=AUTOSAR, version=UNSPECIFIED)
2025-06-18 13:54:54 INFO [loader.py:84] 加载约束文件: data/constraints_linked.json
2025-06-18 13:54:54 INFO [ontology_builder.py:25] 开始构建本体层图
2025-06-18 13:54:54 INFO [ontology_builder.py:35] 本体层节点 11084，边 11939
2025-06-18 13:54:54 INFO [constraint_parser.py:46] 开始解析约束 (1161 条)
2025-06-18 13:54:54 INFO [constraint_parser.py:51] 约束节点构建完成
2025-06-18 13:57:57 DEBUG [logger.py:41] Logger 初始化完成
2025-06-18 13:57:57 DEBUG [logger.py:41] Logger 初始化完成
2025-06-18 13:57:57 DEBUG [logger.py:41] Logger 初始化完成
2025-06-18 13:57:57 DEBUG [logger.py:41] Logger 初始化完成
2025-06-18 13:57:57 DEBUG [logger.py:41] Logger 初始化完成
2025-06-18 13:57:57 DEBUG [logger.py:41] Logger 初始化完成
2025-06-18 13:57:57 DEBUG [logger.py:41] Logger 初始化完成
2025-06-18 13:57:58 DEBUG [logger.py:41] Logger 初始化完成
2025-06-18 13:57:58 DEBUG [logger.py:41] Logger 初始化完成
2025-06-18 13:57:58 DEBUG [logger.py:41] Logger 初始化完成
2025-06-18 13:57:58 DEBUG [logger.py:41] Logger 初始化完成
2025-06-18 13:57:58 DEBUG [logger.py:41] Logger 初始化完成
2025-06-18 13:57:58 DEBUG [config.py:82] 最终配置合并结果: {'graph_backend': 'neo4j', 'neo4j': {'uri': 'neo4j://127.0.0.1:7687', 'user': 'neo4j', 'password': 'autosar4.2.2'}, 'metadata_path': 'data/unified_metadata.json', 'constraints_path': 'data/constraints_linked.json', 'domain': 'AUTOSAR', 'version': 'UNSPECIFIED', 'output_dir': 'output', 'export': {'shacl': 'output\\shapes.ttl', 'smt': 'output\\constraints.smt2', 'gbnf': 'output\\autosar.gbnf'}}
2025-06-18 13:57:58 INFO [loader.py:37] 加载元模型文件: data/unified_metadata.json
2025-06-18 13:57:58 INFO [normalizer.py:79] 元数据规范化完成 (domain=AUTOSAR, version=UNSPECIFIED)
2025-06-18 13:57:58 INFO [loader.py:84] 加载约束文件: data/constraints_linked.json
2025-06-18 13:57:58 INFO [ontology_builder.py:25] 开始构建本体层图
2025-06-18 13:57:58 INFO [ontology_builder.py:35] 本体层节点 11084，边 11939
2025-06-18 13:57:58 INFO [constraint_parser.py:46] 开始解析约束 (1161 条)
2025-06-18 13:57:58 INFO [constraint_parser.py:51] 约束节点构建完成
2025-06-18 13:57:58 INFO [edge_builder.py:66] EdgeAssembler 生成边 5676 条
2025-06-18 14:08:41 DEBUG [logger.py:41] Logger 初始化完成
2025-06-18 14:08:42 DEBUG [logger.py:41] Logger 初始化完成
2025-06-18 14:08:42 DEBUG [logger.py:41] Logger 初始化完成
2025-06-18 14:08:42 DEBUG [logger.py:41] Logger 初始化完成
2025-06-18 14:08:42 DEBUG [logger.py:41] Logger 初始化完成
2025-06-18 14:08:42 DEBUG [logger.py:41] Logger 初始化完成
2025-06-18 14:08:42 DEBUG [logger.py:41] Logger 初始化完成
2025-06-18 14:08:42 DEBUG [logger.py:41] Logger 初始化完成
2025-06-18 14:08:42 DEBUG [logger.py:41] Logger 初始化完成
2025-06-18 14:08:42 DEBUG [logger.py:41] Logger 初始化完成
2025-06-18 14:08:42 DEBUG [logger.py:41] Logger 初始化完成
2025-06-18 14:08:42 DEBUG [logger.py:41] Logger 初始化完成
2025-06-18 14:08:42 DEBUG [config.py:82] 最终配置合并结果: {'graph_backend': 'neo4j', 'neo4j': {'uri': 'neo4j://127.0.0.1:7687', 'user': 'neo4j', 'password': 'autosar4.2.2'}, 'metadata_path': 'data/unified_metadata.json', 'constraints_path': 'data/constraints_linked.json', 'domain': 'AUTOSAR', 'version': 'UNSPECIFIED', 'output_dir': 'output', 'export': {'shacl': 'output\\shapes.ttl', 'smt': 'output\\constraints.smt2', 'gbnf': 'output\\autosar.gbnf'}}
2025-06-18 14:08:42 INFO [loader.py:37] 加载元模型文件: data/unified_metadata.json
2025-06-18 14:08:42 INFO [normalizer.py:79] 元数据规范化完成 (domain=AUTOSAR, version=UNSPECIFIED)
2025-06-18 14:08:42 INFO [loader.py:84] 加载约束文件: data/constraints_linked.json
2025-06-18 14:08:42 INFO [ontology_builder.py:25] 开始构建本体层图
2025-06-18 14:08:42 INFO [ontology_builder.py:35] 本体层节点 11084，边 11939
2025-06-18 14:08:42 INFO [constraint_parser.py:46] 开始解析约束 (1161 条)
2025-06-18 14:08:42 INFO [constraint_parser.py:51] 约束节点构建完成
2025-06-18 14:08:42 INFO [edge_builder.py:66] EdgeAssembler 生成边 1829 条
2025-06-18 14:10:29 INFO [graph_exporter.py:35] Neo4j 导入完成: nodes=12245 edges=13768
2025-06-18 14:10:29 INFO [shacl_generator.py:47] SHACL 生成完成，总计 1422 triples
2025-06-18 14:10:29 INFO [smt_exporter.py:34] 已生成 SMT-LIB2 约束：1468 行
2025-06-18 14:10:29 INFO [schema_exporter.py:33] GBNF 生成完成，1 条规则
2025-06-18 14:10:29 INFO [cli.py:134] KG 构建流程结束；产物已输出至 D:\PycharmProjects\AI_XmlGenerator\src\kg_builder\output
2025-06-18 14:57:14 DEBUG [logger.py:41] Logger 初始化完成
2025-06-18 14:57:14 DEBUG [logger.py:41] Logger 初始化完成
2025-06-18 14:57:14 DEBUG [logger.py:41] Logger 初始化完成
2025-06-18 14:57:14 DEBUG [logger.py:41] Logger 初始化完成
2025-06-18 14:57:14 DEBUG [logger.py:41] Logger 初始化完成
2025-06-18 14:57:14 DEBUG [logger.py:41] Logger 初始化完成
2025-06-18 14:57:14 DEBUG [logger.py:41] Logger 初始化完成
2025-06-18 14:57:14 DEBUG [logger.py:41] Logger 初始化完成
2025-06-18 14:57:14 DEBUG [logger.py:41] Logger 初始化完成
2025-06-18 14:57:14 DEBUG [logger.py:41] Logger 初始化完成
2025-06-18 14:57:14 DEBUG [logger.py:41] Logger 初始化完成
2025-06-18 14:57:14 DEBUG [logger.py:41] Logger 初始化完成
2025-06-18 14:57:14 DEBUG [config.py:82] 最终配置合并结果: {'graph_backend': 'neo4j', 'neo4j': {'uri': 'neo4j://127.0.0.1:7687', 'user': 'neo4j', 'password': 'autosar4.2.2'}, 'metadata_path': 'data/unified_metadata.json', 'constraints_path': 'data/constraints_linked.json', 'domain': 'AUTOSAR', 'version': 'UNSPECIFIED', 'output_dir': 'output', 'export': {'shacl': 'output\\shapes.ttl', 'smt': 'output\\constraints.smt2', 'gbnf': 'output\\autosar.gbnf'}}
2025-06-18 14:57:14 INFO [loader.py:37] 加载元模型文件: data/unified_metadata.json
2025-06-18 14:57:15 INFO [normalizer.py:79] 元数据规范化完成 (domain=AUTOSAR, version=UNSPECIFIED)
2025-06-18 14:57:15 INFO [loader.py:84] 加载约束文件: data/constraints_linked.json
2025-06-18 14:57:15 INFO [ontology_builder.py:34] 开始构建本体层图
2025-06-18 14:57:15 INFO [ontology_builder.py:44] 本体层节点 11325，边 14297
2025-06-18 14:57:15 INFO [constraint_parser.py:46] 开始解析约束 (1161 条)
2025-06-18 14:57:15 INFO [constraint_parser.py:51] 约束节点构建完成
2025-06-18 14:57:15 INFO [edge_builder.py:66] EdgeAssembler 生成边 1829 条
2025-06-18 14:59:19 INFO [graph_exporter.py:35] Neo4j 导入完成: nodes=12486 edges=16126
2025-06-18 14:59:19 INFO [shacl_generator.py:47] SHACL 生成完成，总计 1422 triples
2025-06-18 14:59:19 INFO [smt_exporter.py:34] 已生成 SMT-LIB2 约束：1468 行
2025-06-18 14:59:19 INFO [schema_exporter.py:33] GBNF 生成完成，1 条规则
2025-06-18 14:59:19 INFO [cli.py:134] KG 构建流程结束；产物已输出至 D:\PycharmProjects\AI_XmlGenerator\src\kg_builder\output
2025-06-18 17:13:00 DEBUG [logger.py:41] Logger 初始化完成
2025-06-18 17:13:00 DEBUG [logger.py:41] Logger 初始化完成
2025-06-18 17:13:00 DEBUG [logger.py:41] Logger 初始化完成
2025-06-18 17:13:00 DEBUG [logger.py:41] Logger 初始化完成
2025-06-18 17:13:00 DEBUG [logger.py:41] Logger 初始化完成
2025-06-18 17:13:00 DEBUG [logger.py:41] Logger 初始化完成
2025-06-18 17:13:00 DEBUG [logger.py:41] Logger 初始化完成
2025-06-18 17:13:01 DEBUG [logger.py:41] Logger 初始化完成
2025-06-18 17:13:01 DEBUG [logger.py:41] Logger 初始化完成
2025-06-18 17:13:01 DEBUG [logger.py:41] Logger 初始化完成
2025-06-18 17:13:01 DEBUG [logger.py:41] Logger 初始化完成
2025-06-18 17:13:01 DEBUG [logger.py:41] Logger 初始化完成
2025-06-18 17:13:01 DEBUG [config.py:83] 最终配置合并结果: {'graph_backend': 'neo4j', 'neo4j': {'uri': 'neo4j://127.0.0.1:7687', 'user': 'neo4j', 'password': 'autosar4.2.2'}, 'metadata_path': 'data/unified_metadata.json', 'constraints_path': 'unified_metadata_with_inlines.json', 'domain': 'AUTOSAR', 'version': 'UNSPECIFIED', 'output_dir': 'output', 'export': {'shacl': 'output\\shapes.ttl', 'smt': 'output\\constraints.smt2', 'gbnf': 'output\\autosar.gbnf'}}
2025-06-18 17:13:01 INFO [loader.py:37] 加载元模型文件: data/unified_metadata.json
2025-06-18 17:13:01 INFO [normalizer.py:79] 元数据规范化完成 (domain=AUTOSAR, version=UNSPECIFIED)
2025-06-18 17:13:01 INFO [loader.py:84] 加载约束文件: unified_metadata_with_inlines.json
2025-06-18 17:13:46 DEBUG [logger.py:41] Logger 初始化完成
2025-06-18 17:13:46 DEBUG [logger.py:41] Logger 初始化完成
2025-06-18 17:13:46 DEBUG [logger.py:41] Logger 初始化完成
2025-06-18 17:13:46 DEBUG [logger.py:41] Logger 初始化完成
2025-06-18 17:13:46 DEBUG [logger.py:41] Logger 初始化完成
2025-06-18 17:13:46 DEBUG [logger.py:41] Logger 初始化完成
2025-06-18 17:13:46 DEBUG [logger.py:41] Logger 初始化完成
2025-06-18 17:13:47 DEBUG [logger.py:41] Logger 初始化完成
2025-06-18 17:13:47 DEBUG [logger.py:41] Logger 初始化完成
2025-06-18 17:13:47 DEBUG [logger.py:41] Logger 初始化完成
2025-06-18 17:13:47 DEBUG [logger.py:41] Logger 初始化完成
2025-06-18 17:13:47 DEBUG [logger.py:41] Logger 初始化完成
2025-06-18 17:13:47 DEBUG [config.py:83] 最终配置合并结果: {'graph_backend': 'neo4j', 'neo4j': {'uri': 'neo4j://127.0.0.1:7687', 'user': 'neo4j', 'password': 'autosar4.2.2'}, 'metadata_path': 'data/unified_metadata.json', 'constraints_path': 'unified_metadata_with_inlines.json', 'domain': 'AUTOSAR', 'version': 'UNSPECIFIED', 'output_dir': 'output', 'export': {'shacl': 'output\\shapes.ttl', 'smt': 'output\\constraints.smt2', 'gbnf': 'output\\autosar.gbnf'}}
2025-06-18 17:13:47 INFO [loader.py:37] 加载元模型文件: data/unified_metadata.json
2025-06-18 17:13:47 INFO [normalizer.py:79] 元数据规范化完成 (domain=AUTOSAR, version=UNSPECIFIED)
2025-06-18 17:13:47 INFO [loader.py:84] 加载约束文件: unified_metadata_with_inlines.json
2025-06-18 17:14:37 DEBUG [logger.py:41] Logger 初始化完成
2025-06-18 17:14:37 DEBUG [logger.py:41] Logger 初始化完成
2025-06-18 17:14:37 DEBUG [logger.py:41] Logger 初始化完成
2025-06-18 17:14:37 DEBUG [logger.py:41] Logger 初始化完成
2025-06-18 17:14:37 DEBUG [logger.py:41] Logger 初始化完成
2025-06-18 17:14:37 DEBUG [logger.py:41] Logger 初始化完成
2025-06-18 17:14:37 DEBUG [logger.py:41] Logger 初始化完成
2025-06-18 17:14:37 DEBUG [logger.py:41] Logger 初始化完成
2025-06-18 17:14:37 DEBUG [logger.py:41] Logger 初始化完成
2025-06-18 17:14:37 DEBUG [logger.py:41] Logger 初始化完成
2025-06-18 17:14:37 DEBUG [logger.py:41] Logger 初始化完成
2025-06-18 17:14:37 DEBUG [logger.py:41] Logger 初始化完成
2025-06-18 17:14:37 DEBUG [config.py:83] 最终配置合并结果: {'graph_backend': 'neo4j', 'neo4j': {'uri': 'neo4j://127.0.0.1:7687', 'user': 'neo4j', 'password': 'autosar4.2.2'}, 'metadata_path': 'unified_metadata_with_inlines.json', 'constraints_path': 'data/constraints_linked.json', 'domain': 'AUTOSAR', 'version': 'UNSPECIFIED', 'output_dir': 'output', 'export': {'shacl': 'output\\shapes.ttl', 'smt': 'output\\constraints.smt2', 'gbnf': 'output\\autosar.gbnf'}}
2025-06-18 17:14:37 INFO [loader.py:37] 加载元模型文件: unified_metadata_with_inlines.json
2025-06-18 17:14:47 DEBUG [logger.py:41] Logger 初始化完成
2025-06-18 17:14:47 DEBUG [logger.py:41] Logger 初始化完成
2025-06-18 17:14:47 DEBUG [logger.py:41] Logger 初始化完成
2025-06-18 17:14:47 DEBUG [logger.py:41] Logger 初始化完成
2025-06-18 17:14:47 DEBUG [logger.py:41] Logger 初始化完成
2025-06-18 17:14:47 DEBUG [logger.py:41] Logger 初始化完成
2025-06-18 17:14:47 DEBUG [logger.py:41] Logger 初始化完成
2025-06-18 17:14:47 DEBUG [logger.py:41] Logger 初始化完成
2025-06-18 17:14:47 DEBUG [logger.py:41] Logger 初始化完成
2025-06-18 17:14:47 DEBUG [logger.py:41] Logger 初始化完成
2025-06-18 17:14:47 DEBUG [logger.py:41] Logger 初始化完成
2025-06-18 17:14:47 DEBUG [logger.py:41] Logger 初始化完成
2025-06-18 17:14:47 DEBUG [config.py:83] 最终配置合并结果: {'graph_backend': 'neo4j', 'neo4j': {'uri': 'neo4j://127.0.0.1:7687', 'user': 'neo4j', 'password': 'autosar4.2.2'}, 'metadata_path': 'data/unified_metadata_with_inlines.json', 'constraints_path': 'data/constraints_linked.json', 'domain': 'AUTOSAR', 'version': 'UNSPECIFIED', 'output_dir': 'output', 'export': {'shacl': 'output\\shapes.ttl', 'smt': 'output\\constraints.smt2', 'gbnf': 'output\\autosar.gbnf'}}
2025-06-18 17:14:47 INFO [loader.py:37] 加载元模型文件: data/unified_metadata_with_inlines.json
2025-06-18 17:14:47 INFO [normalizer.py:79] 元数据规范化完成 (domain=AUTOSAR, version=UNSPECIFIED)
2025-06-18 17:14:47 INFO [loader.py:84] 加载约束文件: data/constraints_linked.json
2025-06-18 17:14:47 INFO [ontology_builder.py:34] 开始构建本体层图
2025-06-18 17:14:48 INFO [ontology_builder.py:45] 本体层节点 11325，边 15588
2025-06-18 17:14:48 INFO [constraint_parser.py:46] 开始解析约束 (1161 条)
2025-06-18 17:14:48 INFO [constraint_parser.py:51] 约束节点构建完成
2025-06-18 17:14:48 INFO [edge_builder.py:66] EdgeAssembler 生成边 1829 条
2025-06-18 17:16:52 INFO [graph_exporter.py:35] Neo4j 导入完成: nodes=12486 edges=17417
2025-06-18 17:16:52 INFO [shacl_generator.py:47] SHACL 生成完成，总计 1422 triples
2025-06-18 17:16:52 INFO [smt_exporter.py:34] 已生成 SMT-LIB2 约束：1468 行
2025-06-18 17:16:52 INFO [schema_exporter.py:33] GBNF 生成完成，1 条规则
2025-06-18 17:16:52 INFO [cli.py:134] KG 构建流程结束；产物已输出至 D:\PycharmProjects\AI_XmlGenerator\src\kg_builder\output
2025-06-18 17:27:55 DEBUG [logger.py:41] Logger 初始化完成
2025-06-18 17:27:55 DEBUG [logger.py:41] Logger 初始化完成
2025-06-18 17:27:55 DEBUG [logger.py:41] Logger 初始化完成
2025-06-18 17:27:55 DEBUG [logger.py:41] Logger 初始化完成
2025-06-18 17:27:55 DEBUG [logger.py:41] Logger 初始化完成
2025-06-18 17:27:55 DEBUG [logger.py:41] Logger 初始化完成
2025-06-18 17:27:55 DEBUG [logger.py:41] Logger 初始化完成
2025-06-18 17:27:55 DEBUG [logger.py:41] Logger 初始化完成
2025-06-18 17:27:55 DEBUG [logger.py:41] Logger 初始化完成
2025-06-18 17:27:55 DEBUG [logger.py:41] Logger 初始化完成
2025-06-18 17:27:55 DEBUG [logger.py:41] Logger 初始化完成
2025-06-18 17:27:55 DEBUG [logger.py:41] Logger 初始化完成
2025-06-18 17:27:55 DEBUG [config.py:83] 最终配置合并结果: {'graph_backend': 'neo4j', 'neo4j': {'uri': 'neo4j://127.0.0.1:7687', 'user': 'neo4j', 'password': 'autosar4.2.2'}, 'metadata_path': 'data/unified_metadata_with_inlines.json', 'constraints_path': 'data/constraints_linked.json', 'domain': 'AUTOSAR', 'version': 'UNSPECIFIED', 'output_dir': 'output', 'export': {'shacl': 'output\\shapes.ttl', 'smt': 'output\\constraints.smt2', 'gbnf': 'output\\autosar.gbnf'}}
2025-06-18 17:27:55 INFO [loader.py:37] 加载元模型文件: data/unified_metadata_with_inlines.json
2025-06-18 17:27:55 INFO [normalizer.py:79] 元数据规范化完成 (domain=AUTOSAR, version=UNSPECIFIED)
2025-06-18 17:27:55 INFO [loader.py:84] 加载约束文件: data/constraints_linked.json
2025-06-18 17:27:55 INFO [ontology_builder.py:34] 开始构建本体层图
2025-06-18 17:27:55 INFO [ontology_builder.py:45] 本体层节点 11325，边 15588
2025-06-18 17:27:55 INFO [constraint_parser.py:46] 开始解析约束 (1161 条)
2025-06-18 17:27:55 INFO [constraint_parser.py:51] 约束节点构建完成
2025-06-18 17:27:55 INFO [edge_builder.py:66] EdgeAssembler 生成边 5676 条
2025-06-18 17:30:18 INFO [graph_exporter.py:35] Neo4j 导入完成: nodes=12486 edges=21264
2025-06-18 17:30:18 INFO [shacl_generator.py:47] SHACL 生成完成，总计 1422 triples
2025-06-18 17:30:18 INFO [smt_exporter.py:34] 已生成 SMT-LIB2 约束：1468 行
2025-06-18 17:30:18 INFO [schema_exporter.py:33] GBNF 生成完成，1 条规则
2025-06-18 17:30:18 INFO [cli.py:136] KG 构建流程结束；产物已输出至 D:\PycharmProjects\AI_XmlGenerator\src\kg_builder\output
2025-06-18 19:55:01 DEBUG [logger.py:41] Logger 初始化完成
2025-06-18 19:55:01 DEBUG [logger.py:41] Logger 初始化完成
2025-06-18 19:55:01 DEBUG [logger.py:41] Logger 初始化完成
2025-06-18 19:55:01 DEBUG [logger.py:41] Logger 初始化完成
2025-06-18 19:55:01 DEBUG [logger.py:41] Logger 初始化完成
2025-06-18 19:55:01 DEBUG [logger.py:41] Logger 初始化完成
2025-06-18 19:55:01 DEBUG [logger.py:41] Logger 初始化完成
2025-06-18 19:55:01 DEBUG [logger.py:41] Logger 初始化完成
2025-06-18 19:55:01 DEBUG [logger.py:41] Logger 初始化完成
2025-06-18 19:55:01 DEBUG [logger.py:41] Logger 初始化完成
2025-06-18 19:55:01 DEBUG [logger.py:41] Logger 初始化完成
2025-06-18 19:55:01 DEBUG [logger.py:41] Logger 初始化完成
2025-06-18 19:55:01 DEBUG [config.py:83] 最终配置合并结果: {'graph_backend': 'neo4j', 'neo4j': {'uri': 'neo4j://127.0.0.1:7687', 'user': 'neo4j', 'password': 'autosar4.2.2'}, 'metadata_path': 'data/unified_metadata_with_inlines.json', 'constraints_path': 'data/constraints_linked.json', 'domain': 'AUTOSAR', 'version': 'UNSPECIFIED', 'output_dir': 'output', 'export': {'shacl': 'output\\shapes.ttl', 'smt': 'output\\constraints.smt2', 'gbnf': 'output\\autosar.gbnf'}}
2025-06-18 19:55:01 INFO [loader.py:37] 加载元模型文件: data/unified_metadata_with_inlines.json
2025-06-18 19:55:01 INFO [normalizer.py:79] 元数据规范化完成 (domain=AUTOSAR, version=UNSPECIFIED)
2025-06-18 19:55:01 INFO [loader.py:84] 加载约束文件: data/constraints_linked.json
2025-06-18 19:55:01 INFO [ontology_builder.py:63] 开始构建本体层图
2025-06-18 19:55:03 INFO [ontology_builder.py:76] 本体层节点 11419，边 16324
2025-06-18 19:55:03 INFO [constraint_parser.py:46] 开始解析约束 (1161 条)
2025-06-18 19:55:03 INFO [constraint_parser.py:51] 约束节点构建完成
2025-06-18 19:56:46 DEBUG [logger.py:41] Logger 初始化完成
2025-06-18 19:56:46 DEBUG [logger.py:41] Logger 初始化完成
2025-06-18 19:56:46 DEBUG [logger.py:41] Logger 初始化完成
2025-06-18 19:56:46 DEBUG [logger.py:41] Logger 初始化完成
2025-06-18 19:56:46 DEBUG [logger.py:41] Logger 初始化完成
2025-06-18 19:56:46 DEBUG [logger.py:41] Logger 初始化完成
2025-06-18 19:56:46 DEBUG [logger.py:41] Logger 初始化完成
2025-06-18 19:56:47 DEBUG [logger.py:41] Logger 初始化完成
2025-06-18 19:56:47 DEBUG [logger.py:41] Logger 初始化完成
2025-06-18 19:56:47 DEBUG [logger.py:41] Logger 初始化完成
2025-06-18 19:56:47 DEBUG [logger.py:41] Logger 初始化完成
2025-06-18 19:56:47 DEBUG [logger.py:41] Logger 初始化完成
2025-06-18 19:56:47 DEBUG [config.py:83] 最终配置合并结果: {'graph_backend': 'neo4j', 'neo4j': {'uri': 'neo4j://127.0.0.1:7687', 'user': 'neo4j', 'password': 'autosar4.2.2'}, 'metadata_path': 'data/unified_metadata_with_inlines.json', 'constraints_path': 'data/constraints_linked.json', 'domain': 'AUTOSAR', 'version': 'UNSPECIFIED', 'output_dir': 'output', 'export': {'shacl': 'output\\shapes.ttl', 'smt': 'output\\constraints.smt2', 'gbnf': 'output\\autosar.gbnf'}}
2025-06-18 19:56:47 INFO [loader.py:37] 加载元模型文件: data/unified_metadata_with_inlines.json
2025-06-18 19:56:47 INFO [normalizer.py:79] 元数据规范化完成 (domain=AUTOSAR, version=UNSPECIFIED)
2025-06-18 19:56:47 INFO [loader.py:84] 加载约束文件: data/constraints_linked.json
2025-06-18 19:56:47 INFO [ontology_builder.py:62] 开始构建本体层图 (v1.1)
2025-06-18 19:56:48 INFO [ontology_builder.py:75] 本体层节点 11419，边 16324
2025-06-18 19:56:48 INFO [constraint_parser.py:46] 开始解析约束 (1161 条)
2025-06-18 19:56:48 INFO [constraint_parser.py:51] 约束节点构建完成
2025-06-18 19:56:48 INFO [edge_builder.py:66] EdgeAssembler 生成边 5676 条
2025-06-18 19:59:34 INFO [graph_exporter.py:35] Neo4j 导入完成: nodes=12580 edges=22000
2025-06-18 19:59:34 INFO [shacl_generator.py:47] SHACL 生成完成，总计 1422 triples
2025-06-18 19:59:34 INFO [smt_exporter.py:34] 已生成 SMT-LIB2 约束：1468 行
2025-06-18 19:59:34 INFO [schema_exporter.py:33] GBNF 生成完成，1 条规则
2025-06-18 19:59:34 INFO [cli.py:136] KG 构建流程结束；产物已输出至 D:\PycharmProjects\AI_XmlGenerator\src\kg_builder\output
2025-06-19 10:01:55 DEBUG [logger.py:41] Logger 初始化完成
2025-06-19 10:01:55 DEBUG [logger.py:41] Logger 初始化完成
2025-06-19 10:01:55 DEBUG [logger.py:41] Logger 初始化完成
2025-06-19 10:01:55 DEBUG [logger.py:41] Logger 初始化完成
2025-06-19 10:01:55 DEBUG [logger.py:41] Logger 初始化完成
2025-06-19 10:01:55 DEBUG [logger.py:41] Logger 初始化完成
2025-06-19 10:01:55 DEBUG [logger.py:41] Logger 初始化完成
2025-06-19 10:01:55 DEBUG [logger.py:41] Logger 初始化完成
2025-06-19 10:01:55 DEBUG [logger.py:41] Logger 初始化完成
2025-06-19 10:01:55 DEBUG [config.py:83] 最终配置合并结果: {'graph_backend': 'neo4j', 'neo4j': {'uri': 'neo4j://127.0.0.1:7687', 'user': 'neo4j', 'password': 'autosar4.2.2'}, 'metadata_path': 'data/unified_metadata_with_inlines.json', 'constraints_path': 'data/constraints_linked.json', 'domain': 'AUTOSAR', 'version': 'UNSPECIFIED', 'output_dir': 'output', 'export': {'shacl': 'output\\shapes.ttl', 'smt': 'output\\constraints.smt2', 'gbnf': 'output\\autosar.gbnf'}}
2025-06-19 10:01:55 INFO [loader.py:37] 加载元模型文件: data/unified_metadata_with_inlines.json
2025-06-19 10:01:55 INFO [normalizer.py:79] 元数据规范化完成 (domain=AUTOSAR, version=UNSPECIFIED)
2025-06-19 10:01:55 INFO [loader.py:84] 加载约束文件: data/constraints_linked.json
2025-06-19 10:01:55 INFO [ontology_builder.py:62] 开始构建本体层图 (v1.1)
2025-06-19 10:01:57 INFO [ontology_builder.py:75] 本体层节点 11419，边 16324
2025-06-19 10:01:57 INFO [constraint_parser.py:46] 开始解析约束 (1161 条)
2025-06-19 10:01:57 INFO [constraint_parser.py:51] 约束节点构建完成
2025-06-19 10:01:57 INFO [edge_builder.py:66] EdgeAssembler 生成边 5676 条
2025-06-19 10:04:18 INFO [graph_exporter.py:35] Neo4j 导入完成: nodes=12580 edges=22000
2025-06-19 10:04:18 INFO [cli.py:133] KG 构建流程结束
2025-06-19 11:11:02 DEBUG [logger.py:41] Logger 初始化完成
2025-06-19 11:11:02 DEBUG [logger.py:41] Logger 初始化完成
2025-06-19 11:11:02 DEBUG [logger.py:41] Logger 初始化完成
2025-06-19 11:11:02 DEBUG [logger.py:41] Logger 初始化完成
2025-06-19 11:11:02 DEBUG [logger.py:41] Logger 初始化完成
2025-06-19 11:11:02 DEBUG [logger.py:41] Logger 初始化完成
2025-06-19 11:11:02 DEBUG [logger.py:41] Logger 初始化完成
2025-06-19 11:11:02 DEBUG [logger.py:41] Logger 初始化完成
2025-06-19 11:11:02 DEBUG [logger.py:41] Logger 初始化完成
2025-06-19 11:11:02 DEBUG [config.py:83] 最终配置合并结果: {'graph_backend': 'neo4j', 'neo4j': {'uri': 'neo4j://127.0.0.1:7687', 'user': 'neo4j', 'password': 'autosar4.2.2'}, 'metadata_path': 'data/unified_metadata_with_inlines.json', 'constraints_path': 'data/constraints_linked.json', 'domain': 'AUTOSAR', 'version': 'UNSPECIFIED', 'output_dir': 'output', 'export': {'shacl': 'output\\shapes.ttl', 'smt': 'output\\constraints.smt2', 'gbnf': 'output\\autosar.gbnf'}}
2025-06-19 11:11:02 INFO [loader.py:37] 加载元模型文件: data/unified_metadata_with_inlines.json
2025-06-19 11:11:02 INFO [normalizer.py:79] 元数据规范化完成 (domain=AUTOSAR, version=UNSPECIFIED)
2025-06-19 11:11:02 INFO [loader.py:84] 加载约束文件: data/constraints_linked.json
2025-06-19 11:11:02 INFO [ontology_builder.py:62] 开始构建本体层图 (v1.1)
2025-06-19 11:11:03 INFO [ontology_builder.py:75] 本体层节点 11419，边 16279
2025-06-19 11:11:03 INFO [constraint_parser.py:46] 开始解析约束 (1161 条)
2025-06-19 11:11:03 INFO [constraint_parser.py:51] 约束节点构建完成
2025-06-19 11:11:03 INFO [edge_builder.py:66] EdgeAssembler 生成边 5676 条
2025-06-19 11:13:25 INFO [graph_exporter.py:35] Neo4j 导入完成: nodes=12580 edges=21955
2025-06-19 11:13:25 INFO [cli.py:133] KG 构建流程结束
2025-06-19 11:23:17 DEBUG [logger.py:41] Logger 初始化完成
2025-06-19 11:23:17 DEBUG [logger.py:41] Logger 初始化完成
2025-06-19 11:23:17 DEBUG [logger.py:41] Logger 初始化完成
2025-06-19 11:23:17 DEBUG [logger.py:41] Logger 初始化完成
2025-06-19 11:23:17 DEBUG [logger.py:41] Logger 初始化完成
2025-06-19 11:23:17 DEBUG [logger.py:41] Logger 初始化完成
2025-06-19 11:23:17 DEBUG [logger.py:41] Logger 初始化完成
2025-06-19 11:23:17 DEBUG [logger.py:41] Logger 初始化完成
2025-06-19 11:23:17 DEBUG [logger.py:41] Logger 初始化完成
2025-06-19 11:23:17 DEBUG [config.py:83] 最终配置合并结果: {'graph_backend': 'neo4j', 'neo4j': {'uri': 'neo4j://127.0.0.1:7687', 'user': 'neo4j', 'password': 'autosar4.2.2'}, 'metadata_path': 'data/unified_metadata_with_inlines.json', 'constraints_path': 'data/constraints_linked.json', 'domain': 'AUTOSAR', 'version': 'UNSPECIFIED', 'output_dir': 'output', 'export': {'shacl': 'output\\shapes.ttl', 'smt': 'output\\constraints.smt2', 'gbnf': 'output\\autosar.gbnf'}}
2025-06-19 11:23:17 INFO [loader.py:37] 加载元模型文件: data/unified_metadata_with_inlines.json
2025-06-19 11:23:17 INFO [normalizer.py:83] 元数据规范化完成 (domain=AUTOSAR, version=UNSPECIFIED)
2025-06-19 11:23:17 INFO [loader.py:84] 加载约束文件: data/constraints_linked.json
2025-06-19 11:23:17 INFO [ontology_builder.py:62] 开始构建本体层图 (v1.1)
2025-06-19 11:23:19 INFO [ontology_builder.py:75] 本体层节点 11419，边 16279
2025-06-19 11:23:19 INFO [constraint_parser.py:46] 开始解析约束 (1161 条)
2025-06-19 11:23:19 INFO [constraint_parser.py:51] 约束节点构建完成
2025-06-19 11:23:19 INFO [edge_builder.py:66] EdgeAssembler 生成边 5676 条
2025-06-19 11:25:36 INFO [graph_exporter.py:35] Neo4j 导入完成: nodes=12580 edges=21955
2025-06-19 11:25:36 INFO [cli.py:133] KG 构建流程结束
2025-06-19 14:09:21 DEBUG [logger.py:41] Logger 初始化完成
2025-06-19 14:09:21 DEBUG [logger.py:41] Logger 初始化完成
2025-06-19 14:09:21 DEBUG [logger.py:41] Logger 初始化完成
2025-06-19 14:09:21 DEBUG [logger.py:41] Logger 初始化完成
2025-06-19 14:09:21 DEBUG [logger.py:41] Logger 初始化完成
2025-06-19 14:09:21 DEBUG [logger.py:41] Logger 初始化完成
2025-06-19 14:09:21 DEBUG [logger.py:41] Logger 初始化完成
2025-06-19 14:09:21 DEBUG [logger.py:41] Logger 初始化完成
2025-06-19 14:09:21 DEBUG [logger.py:41] Logger 初始化完成
2025-06-19 14:09:21 DEBUG [config.py:83] 最终配置合并结果: {'graph_backend': 'neo4j', 'neo4j': {'uri': 'neo4j://127.0.0.1:7687', 'user': 'neo4j', 'password': 'autosar4.2.2'}, 'metadata_path': 'data/unified_metadata_with_inlines.json', 'constraints_path': 'data/constraints_linked.json', 'domain': 'AUTOSAR', 'version': 'UNSPECIFIED', 'output_dir': 'output', 'export': {'shacl': 'output\\shapes.ttl', 'smt': 'output\\constraints.smt2', 'gbnf': 'output\\autosar.gbnf'}}
2025-06-19 14:09:21 INFO [loader.py:37] 加载元模型文件: data/unified_metadata_with_inlines.json
2025-06-19 14:09:22 INFO [normalizer.py:96] 元数据规范化完成 (domain=AUTOSAR, version=UNSPECIFIED)
2025-06-19 14:09:22 INFO [loader.py:84] 加载约束文件: data/constraints_linked.json
2025-06-19 14:09:22 INFO [ontology_builder.py:62] 开始构建本体层图 (v1.1)
2025-06-19 14:09:23 INFO [ontology_builder.py:75] 本体层节点 11419，边 16279
2025-06-19 14:09:23 INFO [constraint_parser.py:46] 开始解析约束 (1161 条)
2025-06-19 14:09:23 INFO [constraint_parser.py:51] 约束节点构建完成
2025-06-19 14:09:23 INFO [edge_builder.py:66] EdgeAssembler 生成边 5676 条
2025-06-19 14:11:56 INFO [graph_exporter.py:35] Neo4j 导入完成: nodes=12580 edges=21955
2025-06-19 14:11:56 INFO [cli.py:133] KG 构建流程结束
2025-06-19 14:24:54 DEBUG [logger.py:41] Logger 初始化完成
2025-06-19 14:24:54 DEBUG [logger.py:41] Logger 初始化完成
2025-06-19 14:24:54 DEBUG [logger.py:41] Logger 初始化完成
2025-06-19 14:24:54 DEBUG [logger.py:41] Logger 初始化完成
2025-06-19 14:24:54 DEBUG [logger.py:41] Logger 初始化完成
2025-06-19 14:24:54 DEBUG [logger.py:41] Logger 初始化完成
2025-06-19 14:24:54 DEBUG [logger.py:41] Logger 初始化完成
2025-06-19 14:24:54 DEBUG [logger.py:41] Logger 初始化完成
2025-06-19 14:24:54 DEBUG [logger.py:41] Logger 初始化完成
2025-06-19 14:24:54 DEBUG [config.py:83] 最终配置合并结果: {'graph_backend': 'neo4j', 'neo4j': {'uri': 'neo4j://127.0.0.1:7687', 'user': 'neo4j', 'password': 'autosar4.2.2'}, 'metadata_path': 'data/unified_metadata_with_inlines.json', 'constraints_path': 'data/constraints_linked.json', 'domain': 'AUTOSAR', 'version': '4-2-2', 'output_dir': 'output', 'export': {'shacl': 'output\\shapes.ttl', 'smt': 'output\\constraints.smt2', 'gbnf': 'output\\autosar.gbnf'}}
2025-06-19 14:24:55 INFO [loader.py:37] 加载元模型文件: data/unified_metadata_with_inlines.json
2025-06-19 14:24:55 INFO [normalizer.py:96] 元数据规范化完成 (domain=AUTOSAR, version=4-2-2)
2025-06-19 14:24:55 INFO [loader.py:84] 加载约束文件: data/constraints_linked.json
2025-06-19 14:24:56 INFO [ontology_builder.py:62] 开始构建本体层图 (v1.1)
2025-06-19 14:24:57 INFO [ontology_builder.py:75] 本体层节点 11419，边 16279
2025-06-19 14:24:57 INFO [constraint_parser.py:46] 开始解析约束 (1161 条)
2025-06-19 14:24:57 INFO [constraint_parser.py:51] 约束节点构建完成
2025-06-19 14:24:57 INFO [edge_builder.py:66] EdgeAssembler 生成边 5676 条
2025-06-19 14:26:37 INFO [graph_exporter.py:35] Neo4j 导入完成: nodes=12580 edges=21955
2025-06-19 14:26:37 INFO [cli.py:147] KG 构建流程结束
2025-06-19 15:21:13 DEBUG [logger.py:41] Logger 初始化完成
2025-06-19 15:21:13 DEBUG [logger.py:41] Logger 初始化完成
2025-06-19 15:21:13 DEBUG [logger.py:41] Logger 初始化完成
2025-06-19 15:21:13 DEBUG [logger.py:41] Logger 初始化完成
2025-06-19 15:21:13 DEBUG [logger.py:41] Logger 初始化完成
2025-06-19 15:21:13 DEBUG [logger.py:41] Logger 初始化完成
2025-06-19 15:21:13 DEBUG [logger.py:41] Logger 初始化完成
2025-06-19 15:21:13 DEBUG [logger.py:41] Logger 初始化完成
2025-06-19 15:21:13 DEBUG [logger.py:41] Logger 初始化完成
2025-06-19 15:21:13 DEBUG [config.py:83] 最终配置合并结果: {'graph_backend': 'neo4j', 'neo4j': {'uri': 'neo4j://127.0.0.1:7687', 'user': 'neo4j', 'password': 'autosar4.2.2'}, 'metadata_path': 'data/unified_metadata_with_inlines.json', 'constraints_path': 'data/constraints_linked.json', 'domain': 'AUTOSAR', 'version': '4-2-2', 'output_dir': 'output', 'export': {'shacl': 'output\\shapes.ttl', 'smt': 'output\\constraints.smt2', 'gbnf': 'output\\autosar.gbnf'}}
2025-06-19 15:21:14 INFO [loader.py:37] 加载元模型文件: data/unified_metadata_with_inlines.json
2025-06-19 15:21:15 INFO [normalizer.py:96] 元数据规范化完成 (domain=AUTOSAR, version=4-2-2)
2025-06-19 15:21:15 INFO [loader.py:84] 加载约束文件: data/constraints_linked.json
2025-06-19 15:21:15 INFO [ontology_builder.py:62] 开始构建本体层图 (v1.1)
2025-06-19 15:21:16 INFO [ontology_builder.py:75] 本体层节点 11419，边 17449
2025-06-19 15:21:16 INFO [constraint_parser.py:46] 开始解析约束 (1161 条)
2025-06-19 15:21:16 INFO [constraint_parser.py:51] 约束节点构建完成
2025-06-19 15:21:16 INFO [edge_builder.py:66] EdgeAssembler 生成边 5676 条
2025-06-19 15:23:14 INFO [graph_exporter.py:35] Neo4j 导入完成: nodes=12580 edges=23125
2025-06-19 15:23:14 INFO [cli.py:147] KG 构建流程结束
2025-06-20 14:14:40 DEBUG [logger.py:41] Logger 初始化完成
2025-06-20 14:14:41 DEBUG [logger.py:41] Logger 初始化完成
2025-06-20 14:14:41 DEBUG [logger.py:41] Logger 初始化完成
2025-06-20 14:14:41 DEBUG [logger.py:41] Logger 初始化完成
2025-06-20 14:14:41 DEBUG [logger.py:41] Logger 初始化完成
2025-06-20 14:14:41 DEBUG [logger.py:41] Logger 初始化完成
2025-06-20 14:14:41 DEBUG [logger.py:41] Logger 初始化完成
2025-06-20 14:14:41 DEBUG [logger.py:41] Logger 初始化完成
2025-06-20 14:14:41 DEBUG [logger.py:41] Logger 初始化完成
2025-06-20 14:14:41 DEBUG [config.py:83] 最终配置合并结果: {'graph_backend': 'neo4j', 'neo4j': {'uri': 'neo4j://127.0.0.1:7687', 'user': 'neo4j', 'password': 'autosar4.2.2'}, 'metadata_path': 'data/unified_metadata_with_inlines.json', 'constraints_path': 'data/constraints_linked.json', 'domain': 'AUTOSAR', 'version': '4-2-2', 'output_dir': 'output', 'export': {'shacl': 'output\\shapes.ttl', 'smt': 'output\\constraints.smt2', 'gbnf': 'output\\autosar.gbnf'}}
2025-06-20 14:14:42 INFO [loader.py:37] 加载元模型文件: data/unified_metadata_with_inlines.json
2025-06-20 14:14:42 INFO [normalizer.py:96] 元数据规范化完成 (domain=AUTOSAR, version=4-2-2)
2025-06-20 14:14:42 INFO [loader.py:84] 加载约束文件: data/constraints_linked.json
2025-06-20 14:14:42 INFO [ontology_builder.py:62] 开始构建本体层图 (v1.1)
2025-06-20 14:14:44 INFO [ontology_builder.py:75] 本体层节点 11419，边 17449
2025-06-20 14:14:44 INFO [constraint_parser.py:46] 开始解析约束 (1161 条)
2025-06-20 14:14:44 INFO [constraint_parser.py:51] 约束节点构建完成
2025-06-20 14:14:44 INFO [edge_builder.py:66] EdgeAssembler 生成边 5676 条
2025-06-20 14:16:17 INFO [graph_exporter.py:35] Neo4j 导入完成: nodes=12580 edges=23125
2025-06-20 14:16:17 INFO [cli.py:147] KG 构建流程结束
2025-06-20 15:18:40 DEBUG [logger.py:41] Logger 初始化完成
2025-06-20 15:18:40 DEBUG [logger.py:41] Logger 初始化完成
2025-06-20 15:18:40 DEBUG [logger.py:41] Logger 初始化完成
2025-06-20 15:18:40 DEBUG [logger.py:41] Logger 初始化完成
2025-06-20 15:18:40 DEBUG [logger.py:41] Logger 初始化完成
2025-06-20 15:18:40 DEBUG [logger.py:41] Logger 初始化完成
2025-06-20 15:18:40 DEBUG [logger.py:41] Logger 初始化完成
2025-06-20 15:18:40 DEBUG [logger.py:41] Logger 初始化完成
2025-06-20 15:18:40 DEBUG [logger.py:41] Logger 初始化完成
2025-06-20 15:18:40 DEBUG [config.py:83] 最终配置合并结果: {'graph_backend': 'neo4j', 'neo4j': {'uri': 'neo4j://127.0.0.1:7687', 'user': 'neo4j', 'password': 'autosar4.2.2'}, 'metadata_path': 'data/unified_metadata_with_inlines.json', 'constraints_path': 'data/constraints_linked.json', 'domain': 'AUTOSAR', 'version': '4-2-2', 'output_dir': 'output', 'export': {'shacl': 'output\\shapes.ttl', 'smt': 'output\\constraints.smt2', 'gbnf': 'output\\autosar.gbnf'}}
2025-06-20 15:18:40 INFO [loader.py:37] 加载元模型文件: data/unified_metadata_with_inlines.json
2025-06-20 15:18:41 INFO [normalizer.py:96] 元数据规范化完成 (domain=AUTOSAR, version=4-2-2)
2025-06-20 15:18:41 INFO [loader.py:84] 加载约束文件: data/constraints_linked.json
2025-06-20 15:18:41 INFO [ontology_builder.py:62] 开始构建本体层图 (v1.1)
2025-06-20 15:18:44 INFO [ontology_builder.py:77] 本体层节点 11419，边 21013
2025-06-20 15:18:44 INFO [constraint_parser.py:46] 开始解析约束 (1161 条)
2025-06-20 15:18:44 INFO [constraint_parser.py:51] 约束节点构建完成
2025-06-20 15:18:44 INFO [edge_builder.py:66] EdgeAssembler 生成边 5676 条
2025-06-20 15:20:43 INFO [graph_exporter.py:35] Neo4j 导入完成: nodes=12580 edges=26689
2025-06-20 15:20:43 INFO [cli.py:147] KG 构建流程结束
2025-07-22 16:09:33 DEBUG [logger.py:41] Logger 初始化完成
2025-07-22 16:11:56 DEBUG [logger.py:41] Logger 初始化完成
2025-07-22 16:11:56 DEBUG [logger.py:41] Logger 初始化完成
2025-07-22 16:11:56 DEBUG [logger.py:41] Logger 初始化完成
2025-07-22 16:11:56 DEBUG [logger.py:41] Logger 初始化完成
2025-07-22 16:11:56 DEBUG [logger.py:41] Logger 初始化完成
2025-07-22 16:11:56 DEBUG [logger.py:41] Logger 初始化完成
2025-07-22 16:11:56 DEBUG [logger.py:41] Logger 初始化完成
2025-07-22 16:11:56 DEBUG [logger.py:41] Logger 初始化完成
2025-07-22 16:11:56 DEBUG [logger.py:41] Logger 初始化完成
2025-07-22 16:11:56 DEBUG [config.py:83] 最终配置合并结果: {'graph_backend': 'neo4j', 'neo4j': {'uri': 'neo4j+s://d4f0265c.databases.neo4j.io', 'user': 'neo4j', 'password': '1ABs4OWM7B0V1wOTc5FZEpYaNSsCuOFuJmDRrsVeoiE'}, 'metadata_path': 'data/unified_metadata_with_inlines.json', 'constraints_path': 'data/constraints_linked.json', 'domain': 'AUTOSAR', 'version': '4-2-2', 'output_dir': 'output', 'export': {'shacl': 'output\\shapes.ttl', 'smt': 'output\\constraints.smt2', 'gbnf': 'output\\autosar.gbnf'}}
2025-07-22 16:11:59 INFO [loader.py:37] 加载元模型文件: data/unified_metadata_with_inlines.json
2025-07-22 16:12:02 INFO [normalizer.py:96] 元数据规范化完成 (domain=AUTOSAR, version=4-2-2)
2025-07-22 16:12:02 INFO [loader.py:84] 加载约束文件: data/constraints_linked.json
2025-07-22 16:12:02 INFO [ontology_builder.py:62] 开始构建本体层图 (v1.1)
2025-07-22 16:12:13 INFO [ontology_builder.py:77] 本体层节点 11419，边 21013
2025-07-22 16:12:13 INFO [constraint_parser.py:46] 开始解析约束 (1161 条)
2025-07-22 16:12:13 INFO [constraint_parser.py:51] 约束节点构建完成
2025-07-22 16:12:13 INFO [edge_builder.py:66] EdgeAssembler 生成边 5676 条
2025-07-22 16:20:16 INFO [graph_exporter.py:35] Neo4j 导入完成: nodes=12580 edges=26689
2025-07-22 16:20:16 INFO [cli.py:147] KG 构建流程结束
2025-08-15 08:57:58 DEBUG [logger.py:41] Logger 初始化完成
2025-08-15 08:57:58 DEBUG [logger.py:41] Logger 初始化完成
2025-08-15 08:57:58 DEBUG [logger.py:41] Logger 初始化完成
2025-08-15 08:57:58 DEBUG [logger.py:41] Logger 初始化完成
2025-08-15 08:57:58 DEBUG [logger.py:41] Logger 初始化完成
2025-08-15 08:57:58 DEBUG [logger.py:41] Logger 初始化完成
2025-08-15 08:57:58 DEBUG [logger.py:41] Logger 初始化完成
2025-08-15 08:57:58 DEBUG [logger.py:41] Logger 初始化完成
2025-08-15 08:57:58 DEBUG [logger.py:41] Logger 初始化完成
2025-08-15 08:57:58 DEBUG [config.py:83] 最终配置合并结果: {'graph_backend': 'neo4j', 'neo4j': {'uri': 'neo4j://127.0.0.1:7687', 'user': 'neo4j', 'password': '542394665'}, 'metadata_path': 'data/unified_metadata_with_inlines.json', 'constraints_path': 'data/constraints_linked.json', 'domain': 'AUTOSAR', 'version': '4-2-2', 'output_dir': 'output', 'export': {'shacl': 'output\\shapes.ttl', 'smt': 'output\\constraints.smt2', 'gbnf': 'output\\autosar.gbnf'}}
2025-08-15 08:57:59 INFO [loader.py:37] 加载元模型文件: data/unified_metadata_with_inlines.json
2025-08-15 08:58:02 INFO [normalizer.py:96] 元数据规范化完成 (domain=AUTOSAR, version=4-2-2)
2025-08-15 08:58:02 INFO [loader.py:84] 加载约束文件: data/constraints_linked.json
2025-08-15 08:58:02 INFO [ontology_builder.py:62] 开始构建本体层图 (v1.1)
2025-08-15 08:58:11 INFO [ontology_builder.py:77] 本体层节点 11419，边 21013
2025-08-15 08:58:11 INFO [constraint_parser.py:46] 开始解析约束 (1161 条)
2025-08-15 08:58:11 INFO [constraint_parser.py:51] 约束节点构建完成
2025-08-15 08:58:11 INFO [edge_builder.py:66] EdgeAssembler 生成边 5676 条
2025-08-15 09:02:56 INFO [graph_exporter.py:35] Neo4j 导入完成: nodes=12580 edges=26689
2025-08-15 09:02:56 INFO [cli.py:147] KG 构建流程结束
2025-08-18 18:25:44 DEBUG [logger.py:41] Logger 初始化完成
2025-08-18 18:25:44 DEBUG [logger.py:41] Logger 初始化完成
2025-08-18 18:25:44 DEBUG [logger.py:41] Logger 初始化完成
2025-08-18 18:25:44 DEBUG [logger.py:41] Logger 初始化完成
2025-08-18 18:25:44 DEBUG [logger.py:41] Logger 初始化完成
2025-08-18 18:25:44 DEBUG [logger.py:41] Logger 初始化完成
2025-08-18 18:25:44 DEBUG [logger.py:41] Logger 初始化完成
2025-08-18 18:25:44 DEBUG [logger.py:41] Logger 初始化完成
2025-08-18 18:25:44 DEBUG [logger.py:41] Logger 初始化完成
2025-08-18 18:25:44 DEBUG [config.py:83] 最终配置合并结果: {'graph_backend': 'neo4j', 'neo4j': {'uri': 'neo4j+s://b583ab79.databases.neo4j.io', 'user': 'neo4j', 'password': 'MYwVUYS7NsnQWz4rA3mMhwdygZ2F2GFD4L-cK7KHs6w'}, 'metadata_path': 'data/unified_metadata_with_inlines.json', 'constraints_path': 'data/constraints_linked.json', 'domain': 'AUTOSAR', 'version': '4-2-2', 'output_dir': 'output', 'export': {'shacl': 'output\\shapes.ttl', 'smt': 'output\\constraints.smt2', 'gbnf': 'output\\autosar.gbnf'}}
2025-08-18 18:25:47 INFO [loader.py:37] 加载元模型文件: data/unified_metadata_with_inlines.json
2025-08-18 18:25:50 INFO [normalizer.py:96] 元数据规范化完成 (domain=AUTOSAR, version=4-2-2)
2025-08-18 18:25:50 INFO [loader.py:84] 加载约束文件: data/constraints_linked.json
2025-08-18 18:25:50 INFO [ontology_builder.py:62] 开始构建本体层图 (v1.1)
2025-08-18 18:26:04 INFO [ontology_builder.py:77] 本体层节点 11419，边 21013
2025-08-18 18:26:04 INFO [constraint_parser.py:46] 开始解析约束 (1161 条)
2025-08-18 18:26:04 INFO [constraint_parser.py:51] 约束节点构建完成
2025-08-18 18:26:04 INFO [edge_builder.py:66] EdgeAssembler 生成边 5676 条
2025-08-18 18:33:37 INFO [graph_exporter.py:35] Neo4j 导入完成: nodes=12580 edges=26689
2025-08-18 18:33:37 INFO [cli.py:147] KG 构建流程结束
